Archive member included to satisfy reference by file (symbol)

/usr/lib/gcc/arm-none-eabi/10.3.1/../../../arm-none-eabi/lib/thumb/v7e-m+dp/hard/libc_nano.a(lib_a-atexit.o)
                              /usr/lib/gcc/arm-none-eabi/10.3.1/../../../arm-none-eabi/lib/thumb/v7e-m+dp/hard/crt0.o (atexit)
/usr/lib/gcc/arm-none-eabi/10.3.1/../../../arm-none-eabi/lib/thumb/v7e-m+dp/hard/libc_nano.a(lib_a-exit.o)
                              /usr/lib/gcc/arm-none-eabi/10.3.1/../../../arm-none-eabi/lib/thumb/v7e-m+dp/hard/crt0.o (exit)
/usr/lib/gcc/arm-none-eabi/10.3.1/../../../arm-none-eabi/lib/thumb/v7e-m+dp/hard/libc_nano.a(lib_a-fini.o)
                              /usr/lib/gcc/arm-none-eabi/10.3.1/../../../arm-none-eabi/lib/thumb/v7e-m+dp/hard/crt0.o (__libc_fini_array)
/usr/lib/gcc/arm-none-eabi/10.3.1/../../../arm-none-eabi/lib/thumb/v7e-m+dp/hard/libc_nano.a(lib_a-impure.o)
                              /usr/lib/gcc/arm-none-eabi/10.3.1/../../../arm-none-eabi/lib/thumb/v7e-m+dp/hard/libc_nano.a(lib_a-exit.o) (_global_impure_ptr)
/usr/lib/gcc/arm-none-eabi/10.3.1/../../../arm-none-eabi/lib/thumb/v7e-m+dp/hard/libc_nano.a(lib_a-init.o)
                              /usr/lib/gcc/arm-none-eabi/10.3.1/../../../arm-none-eabi/lib/thumb/v7e-m+dp/hard/crt0.o (__libc_init_array)
/usr/lib/gcc/arm-none-eabi/10.3.1/../../../arm-none-eabi/lib/thumb/v7e-m+dp/hard/libc_nano.a(lib_a-memset.o)
                              /usr/lib/gcc/arm-none-eabi/10.3.1/../../../arm-none-eabi/lib/thumb/v7e-m+dp/hard/crt0.o (memset)
/usr/lib/gcc/arm-none-eabi/10.3.1/../../../arm-none-eabi/lib/thumb/v7e-m+dp/hard/libc_nano.a(lib_a-__atexit.o)
                              /usr/lib/gcc/arm-none-eabi/10.3.1/../../../arm-none-eabi/lib/thumb/v7e-m+dp/hard/libc_nano.a(lib_a-atexit.o) (__register_exitproc)
/usr/lib/gcc/arm-none-eabi/10.3.1/../../../arm-none-eabi/lib/thumb/v7e-m+dp/hard/libc_nano.a(lib_a-__call_atexit.o)
                              /usr/lib/gcc/arm-none-eabi/10.3.1/../../../arm-none-eabi/lib/thumb/v7e-m+dp/hard/libc_nano.a(lib_a-__atexit.o) (__call_exitprocs)
/usr/lib/gcc/arm-none-eabi/10.3.1/../../../arm-none-eabi/lib/thumb/v7e-m+dp/hard/libg_nano.a(lib_a-errno.o)
                              CMakeFiles/Cerberus-2.0_Appli.dir/Core/Src/sysmem.c.obj (__errno)

Discarded input sections

 .text          0x0000000000000000        0x0 /usr/lib/gcc/arm-none-eabi/10.3.1/thumb/v7e-m+dp/hard/crti.o
 .data          0x0000000000000000        0x0 /usr/lib/gcc/arm-none-eabi/10.3.1/thumb/v7e-m+dp/hard/crti.o
 .bss           0x0000000000000000        0x0 /usr/lib/gcc/arm-none-eabi/10.3.1/thumb/v7e-m+dp/hard/crti.o
 .data          0x0000000000000000        0x4 /usr/lib/gcc/arm-none-eabi/10.3.1/thumb/v7e-m+dp/hard/crtbegin.o
 .rodata        0x0000000000000000       0x24 /usr/lib/gcc/arm-none-eabi/10.3.1/thumb/v7e-m+dp/hard/crtbegin.o
 .text          0x0000000000000000       0x70 /usr/lib/gcc/arm-none-eabi/10.3.1/../../../arm-none-eabi/lib/thumb/v7e-m+dp/hard/crt0.o
 .data          0x0000000000000000        0x0 /usr/lib/gcc/arm-none-eabi/10.3.1/../../../arm-none-eabi/lib/thumb/v7e-m+dp/hard/crt0.o
 .bss           0x0000000000000000        0x0 /usr/lib/gcc/arm-none-eabi/10.3.1/../../../arm-none-eabi/lib/thumb/v7e-m+dp/hard/crt0.o
 .ARM.extab     0x0000000000000000        0x0 /usr/lib/gcc/arm-none-eabi/10.3.1/../../../arm-none-eabi/lib/thumb/v7e-m+dp/hard/crt0.o
 .ARM.exidx     0x0000000000000000       0x10 /usr/lib/gcc/arm-none-eabi/10.3.1/../../../arm-none-eabi/lib/thumb/v7e-m+dp/hard/crt0.o
 .debug_line    0x0000000000000000       0x87 /usr/lib/gcc/arm-none-eabi/10.3.1/../../../arm-none-eabi/lib/thumb/v7e-m+dp/hard/crt0.o
 .debug_info    0x0000000000000000       0x26 /usr/lib/gcc/arm-none-eabi/10.3.1/../../../arm-none-eabi/lib/thumb/v7e-m+dp/hard/crt0.o
 .debug_abbrev  0x0000000000000000       0x14 /usr/lib/gcc/arm-none-eabi/10.3.1/../../../arm-none-eabi/lib/thumb/v7e-m+dp/hard/crt0.o
 .debug_aranges
                0x0000000000000000       0x20 /usr/lib/gcc/arm-none-eabi/10.3.1/../../../arm-none-eabi/lib/thumb/v7e-m+dp/hard/crt0.o
 .debug_str     0x0000000000000000       0x98 /usr/lib/gcc/arm-none-eabi/10.3.1/../../../arm-none-eabi/lib/thumb/v7e-m+dp/hard/crt0.o
 .ARM.attributes
                0x0000000000000000       0x1c /usr/lib/gcc/arm-none-eabi/10.3.1/../../../arm-none-eabi/lib/thumb/v7e-m+dp/hard/crt0.o
 .text          0x0000000000000000        0xc /usr/lib/gcc/arm-none-eabi/10.3.1/../../../arm-none-eabi/lib/thumb/v7e-m+dp/hard/libc_nano.a(lib_a-atexit.o)
 .data          0x0000000000000000        0x0 /usr/lib/gcc/arm-none-eabi/10.3.1/../../../arm-none-eabi/lib/thumb/v7e-m+dp/hard/libc_nano.a(lib_a-atexit.o)
 .bss           0x0000000000000000        0x0 /usr/lib/gcc/arm-none-eabi/10.3.1/../../../arm-none-eabi/lib/thumb/v7e-m+dp/hard/libc_nano.a(lib_a-atexit.o)
 .debug_info    0x0000000000000000      0x100 /usr/lib/gcc/arm-none-eabi/10.3.1/../../../arm-none-eabi/lib/thumb/v7e-m+dp/hard/libc_nano.a(lib_a-atexit.o)
[...]
Memory Configuration

Name             Origin             Length             Attributes
RAM              0x0000000024000000 0x000000000004fc00 xrw
RAM_NONCACHEABLEBUFFER 0x000000002404fc00 0x0000000000000400 xrw
ITCM             0x0000000000000000 0x0000000000010000 xrw
DTCM             0x0000000020000000 0x0000000000010000 rw
SRAMAHB          0x0000000030000000 0x0000000000008000 rw
BKPSRAM          0x0000000038800000 0x0000000000001000 rw
FLASH            0x0000000008000000 0x0000000000010000 xrw
*default*        0x0000000000000000 0xffffffffffffffff

Linker script and memory map

LOAD /usr/lib/gcc/arm-none-eabi/10.3.1/thumb/v7e-m+dp/hard/crti.o
LOAD /usr/lib/gcc/arm-none-eabi/10.3.1/thumb/v7e-m+dp/hard/crtbegin.o
LOAD /usr/lib/gcc/arm-none-eabi/10.3.1/../../../arm-none-eabi/lib/thumb/v7e-m+dp/hard/crt0.o
START GROUP
LOAD /usr/lib/gcc/arm-none-eabi/10.3.1/../../../arm-none-eabi/lib/thumb/v7e-m+dp/hard/libc_nano.a
LOAD /usr/lib/gcc/arm-none-eabi/10.3.1/../../../arm-none-eabi/lib/thumb/v7e-m+dp/hard/libm.a
END GROUP
LOAD CMakeFiles/Cerberus-2.0_Appli.dir/Core/Src/main.c.obj
LOAD CMakeFiles/Cerberus-2.0_Appli.dir/Core/Src/stm32h7rsxx_it.c.obj
LOAD CMakeFiles/Cerberus-2.0_Appli.dir/Core/Src/stm32h7rsxx_hal_msp.c.obj
LOAD CMakeFiles/Cerberus-2.0_Appli.dir/Core/Src/sysmem.c.obj
LOAD CMakeFiles/Cerberus-2.0_Appli.dir/Core/Src/syscalls.c.obj
LOAD CMakeFiles/Cerberus-2.0_Appli.dir/Core/Startup/startup_stm32h7r7xx.s.obj
LOAD CMakeFiles/STM32_Drivers.dir/Core/Src/system_stm32h7rsxx.c.obj
LOAD CMakeFiles/STM32_Drivers.dir/home/blake/NER/Cerberus-2.0/Drivers/STM32H7RSxx_HAL_Driver/Src/stm32h7rsxx_hal_cortex.c.obj
LOAD CMakeFiles/STM32_Drivers.dir/home/blake/NER/Cerberus-2.0/Drivers/STM32H7RSxx_HAL_Driver/Src/stm32h7rsxx_hal_pwr.c.obj
LOAD CMakeFiles/STM32_Drivers.dir/home/blake/NER/Cerberus-2.0/Drivers/STM32H7RSxx_HAL_Driver/Src/stm32h7rsxx_hal_pwr_ex.c.obj
LOAD CMakeFiles/STM32_Drivers.dir/home/blake/NER/Cerberus-2.0/Drivers/STM32H7RSxx_HAL_Driver/Src/stm32h7rsxx_hal_rcc.c.obj
LOAD CMakeFiles/STM32_Drivers.dir/home/blake/NER/Cerberus-2.0/Drivers/STM32H7RSxx_HAL_Driver/Src/stm32h7rsxx_hal_rcc_ex.c.obj
LOAD CMakeFiles/STM32_Drivers.dir/home/blake/NER/Cerberus-2.0/Drivers/STM32H7RSxx_HAL_Driver/Src/stm32h7rsxx_hal_flash.c.obj
LOAD CMakeFiles/STM32_Drivers.dir/home/blake/NER/Cerberus-2.0/Drivers/STM32H7RSxx_HAL_Driver/Src/stm32h7rsxx_hal_flash_ex.c.obj
LOAD CMakeFiles/STM32_Drivers.dir/home/blake/NER/Cerberus-2.0/Drivers/STM32H7RSxx_HAL_Driver/Src/stm32h7rsxx_hal_gpio.c.obj
LOAD CMakeFiles/STM32_Drivers.dir/home/blake/NER/Cerberus-2.0/Drivers/STM32H7RSxx_HAL_Driver/Src/stm32h7rsxx_hal_dma.c.obj
LOAD CMakeFiles/STM32_Drivers.dir/home/blake/NER/Cerberus-2.0/Drivers/STM32H7RSxx_HAL_Driver/Src/stm32h7rsxx_hal_dma_ex.c.obj
LOAD CMakeFiles/STM32_Drivers.dir/home/blake/NER/Cerberus-2.0/Drivers/STM32H7RSxx_HAL_Driver/Src/stm32h7rsxx_hal.c.obj
LOAD CMakeFiles/STM32_Drivers.dir/home/blake/NER/Cerberus-2.0/Drivers/STM32H7RSxx_HAL_Driver/Src/stm32h7rsxx_hal_exti.c.obj
LOAD CMakeFiles/STM32_Drivers.dir/home/blake/NER/Cerberus-2.0/Drivers/STM32H7RSxx_HAL_Driver/Src/stm32h7rsxx_hal_eth.c.obj
LOAD CMakeFiles/STM32_Drivers.dir/home/blake/NER/Cerberus-2.0/Drivers/STM32H7RSxx_HAL_Driver/Src/stm32h7rsxx_hal_eth_ex.c.obj
START GROUP
LOAD /usr/lib/gcc/arm-none-eabi/10.3.1/thumb/v7e-m+dp/hard/libgcc.a
LOAD /usr/lib/gcc/arm-none-eabi/10.3.1/../../../arm-none-eabi/lib/thumb/v7e-m+dp/hard/libg_nano.a
LOAD /usr/lib/gcc/arm-none-eabi/10.3.1/../../../arm-none-eabi/lib/thumb/v7e-m+dp/hard/libc_nano.a
END GROUP
START GROUP
LOAD /usr/lib/gcc/arm-none-eabi/10.3.1/thumb/v7e-m+dp/hard/libgcc.a
LOAD /usr/lib/gcc/arm-none-eabi/10.3.1/../../../arm-none-eabi/lib/thumb/v7e-m+dp/hard/libc_nano.a
END GROUP
LOAD /usr/lib/gcc/arm-none-eabi/10.3.1/thumb/v7e-m+dp/hard/crtend.o
LOAD /usr/lib/gcc/arm-none-eabi/10.3.1/thumb/v7e-m+dp/hard/crtn.o
                0x0000000020010000                _estack = (ORIGIN (DTCM) + LENGTH (DTCM))
                0x0000000000000200                _Min_Heap_Size = 0x200
                0x0000000000000400                _Min_Stack_Size = 0x400
                0x0000000008000000                __FLASH_BEGIN = 0x8000000
                0x0000000000010000                __FLASH_SIZE = 0x10000
                0x0000000024000000                __RAM_BEGIN = 0x24000000
                0x000000000004fc00                __RAM_SIZE = 0x4fc00
                0x0000000000000400                __RAM_NONCACHEABLEBUFFER_SIZE = 0x400

.isr_vector     0x0000000008000000      0x2b0
                0x0000000008000000                . = ALIGN (0x4)
 *(.isr_vector)
 .isr_vector    0x0000000008000000      0x2b0 CMakeFiles/Cerberus-2.0_Appli.dir/Core/Startup/startup_stm32h7r7xx.s.obj
                0x0000000008000000                g_pfnVectors
                0x00000000080002b0                . = ALIGN (0x4)

.text           0x00000000080002b0     0x291c
                0x00000000080002b0                . = ALIGN (0x4)
 *(.text)
 .text          0x00000000080002b0       0x88 /usr/lib/gcc/arm-none-eabi/10.3.1/thumb/v7e-m+dp/hard/crtbegin.o
 .text          0x0000000008000338       0x48 /usr/lib/gcc/arm-none-eabi/10.3.1/../../../arm-none-eabi/lib/thumb/v7e-m+dp/hard/libc_nano.a(lib_a-init.o)
                0x0000000008000338                __libc_init_array
 .text          0x0000000008000380       0xa4 /usr/lib/gcc/arm-none-eabi/10.3.1/../../../arm-none-eabi/lib/thumb/v7e-m+dp/hard/libc_nano.a(lib_a-memset.o)
                0x0000000008000380                memset
 *(.text*)
 .text.main     0x0000000008000424       0x1a CMakeFiles/Cerberus-2.0_Appli.dir/Core/Src/main.c.obj
                0x0000000008000424                main
 *fill*         0x000000000800043e        0x2 
 .text.MX_ETH_Init
                0x0000000008000440       0x98 CMakeFiles/Cerberus-2.0_Appli.dir/Core/Src/main.c.obj
 .text.MX_GPIO_Init
                0x00000000080004d8       0x98 CMakeFiles/Cerberus-2.0_Appli.dir/Core/Src/main.c.obj
 .text.MPU_Config
                0x0000000008000570       0x72 CMakeFiles/Cerberus-2.0_Appli.dir/Core/Src/main.c.obj
 .text.Error_Handler
                0x00000000080005e2        0xa CMakeFiles/Cerberus-2.0_Appli.dir/Core/Src/main.c.obj
                0x00000000080005e2                Error_Handler
 .text.NMI_Handler
                0x00000000080005ec        0x6 CMakeFiles/Cerberus-2.0_Appli.dir/Core/Src/stm32h7rsxx_it.c.obj
                0x00000000080005ec                NMI_Handler
 .text.HardFault_Handler
                0x00000000080005f2        0x6 CMakeFiles/Cerberus-2.0_Appli.dir/Core/Src/stm32h7rsxx_it.c.obj
                0x00000000080005f2                HardFault_Handler
 .text.MemManage_Handler
                0x00000000080005f8        0x6 CMakeFiles/Cerberus-2.0_Appli.dir/Core/Src/stm32h7rsxx_it.c.obj
                0x00000000080005f8                MemManage_Handler
 .text.BusFault_Handler
                0x00000000080005fe        0x6 CMakeFiles/Cerberus-2.0_Appli.dir/Core/Src/stm32h7rsxx_it.c.obj
                0x00000000080005fe                BusFault_Handler
 .text.UsageFault_Handler
                0x0000000008000604        0x6 CMakeFiles/Cerberus-2.0_Appli.dir/Core/Src/stm32h7rsxx_it.c.obj
                0x0000000008000604                UsageFault_Handler
 .text.SVC_Handler
                0x000000000800060a        0xe CMakeFiles/Cerberus-2.0_Appli.dir/Core/Src/stm32h7rsxx_it.c.obj
                0x000000000800060a                SVC_Handler
 .text.DebugMon_Handler
                0x0000000008000618        0xe CMakeFiles/Cerberus-2.0_Appli.dir/Core/Src/stm32h7rsxx_it.c.obj
                0x0000000008000618                DebugMon_Handler
 .text.PendSV_Handler
                0x0000000008000626        0xe CMakeFiles/Cerberus-2.0_Appli.dir/Core/Src/stm32h7rsxx_it.c.obj
                0x0000000008000626                PendSV_Handler
 .text.SysTick_Handler
                0x0000000008000634        0xc CMakeFiles/Cerberus-2.0_Appli.dir/Core/Src/stm32h7rsxx_it.c.obj
                0x0000000008000634                SysTick_Handler
 .text.HAL_MspInit
                0x0000000008000640        0xe CMakeFiles/Cerberus-2.0_Appli.dir/Core/Src/stm32h7rsxx_hal_msp.c.obj
                0x0000000008000640                HAL_MspInit
 *fill*         0x000000000800064e        0x2 
 .text.HAL_ETH_MspInit
                0x0000000008000650      0x218 CMakeFiles/Cerberus-2.0_Appli.dir/Core/Src/stm32h7rsxx_hal_msp.c.obj
                0x0000000008000650                HAL_ETH_MspInit
 .text.Reset_Handler
                0x0000000008000868       0x50 CMakeFiles/Cerberus-2.0_Appli.dir/Core/Startup/startup_stm32h7r7xx.s.obj
                0x0000000008000868                Reset_Handler
 .text.Default_Handler
                0x00000000080008b8        0x2 CMakeFiles/Cerberus-2.0_Appli.dir/Core/Startup/startup_stm32h7r7xx.s.obj
                0x00000000080008b8                HPDMA1_Channel13_IRQHandler
                0x00000000080008b8                EXTI2_IRQHandler
                0x00000000080008b8                SAI1_A_IRQHandler
                0x00000000080008b8                EXTI5_IRQHandler
                0x00000000080008b8                I3C1_ER_IRQHandler
                0x00000000080008b8                UART8_IRQHandler
                0x00000000080008b8                SPI4_IRQHandler
                0x00000000080008b8                EXTI13_IRQHandler
                0x00000000080008b8                TIM1_CC_IRQHandler
                0x00000000080008b8                XSPI1_IRQHandler
                0x00000000080008b8                JPEG_IRQHandler
                0x00000000080008b8                TAMP_IRQHandler
                0x00000000080008b8                TIM6_IRQHandler
                0x00000000080008b8                EXTI12_IRQHandler
                0x00000000080008b8                CORDIC_IRQHandler
                0x00000000080008b8                GFXTIM_IRQHandler
                0x00000000080008b8                EXTI3_IRQHandler
                0x00000000080008b8                LPTIM4_IRQHandler
                0x00000000080008b8                GPDMA1_Channel5_IRQHandler
                0x00000000080008b8                EXTI8_IRQHandler
                0x00000000080008b8                LPTIM2_IRQHandler
                0x00000000080008b8                GFXMMU_IRQHandler
                0x00000000080008b8                I2C3_ER_IRQHandler
                0x00000000080008b8                LPTIM3_IRQHandler
                0x00000000080008b8                SAI2_A_IRQHandler
                0x00000000080008b8                EXTI0_IRQHandler
                0x00000000080008b8                HPDMA1_Channel9_IRQHandler
                0x00000000080008b8                I2C2_EV_IRQHandler
                0x00000000080008b8                GPU2D_IRQHandler
                0x00000000080008b8                FPU_IRQHandler
                0x00000000080008b8                GPDMA1_Channel3_IRQHandler
                0x00000000080008b8                GPDMA1_Channel7_IRQHandler
                0x00000000080008b8                FDCAN1_IT1_IRQHandler
                0x00000000080008b8                HPDMA1_Channel3_IRQHandler
                0x00000000080008b8                LTDC_ER_IRQHandler
                0x00000000080008b8                ADC1_2_IRQHandler
                0x00000000080008b8                GPDMA1_Channel9_IRQHandler
                0x00000000080008b8                SPI1_IRQHandler
                0x00000000080008b8                SAI1_B_IRQHandler
                0x00000000080008b8                GPDMA1_Channel2_IRQHandler
                0x00000000080008b8                I3C1_WKUP_IRQHandler
                0x00000000080008b8                PKA_IRQHandler
                0x00000000080008b8                HPDMA1_Channel2_IRQHandler
                0x00000000080008b8                EXTI15_IRQHandler
                0x00000000080008b8                TIM17_IRQHandler
                0x00000000080008b8                USART3_IRQHandler
                0x00000000080008b8                HPDMA1_Channel6_IRQHandler
                0x00000000080008b8                RTC_IRQHandler
                0x00000000080008b8                XSPI2_IRQHandler
                0x00000000080008b8                EXTI9_IRQHandler
                0x00000000080008b8                HPDMA1_Channel0_IRQHandler
                0x00000000080008b8                LPTIM5_IRQHandler
                0x00000000080008b8                HPDMA1_Channel1_IRQHandler
                0x00000000080008b8                UART5_IRQHandler
                0x00000000080008b8                TIM4_IRQHandler
                0x00000000080008b8                I2C1_EV_IRQHandler
                0x00000000080008b8                GPDMA1_Channel12_IRQHandler
                0x00000000080008b8                HPDMA1_Channel7_IRQHandler
                0x00000000080008b8                GPDMA1_Channel1_IRQHandler
                0x00000000080008b8                TIM16_IRQHandler
                0x00000000080008b8                GPDMA1_Channel15_IRQHandler
                0x00000000080008b8                UART4_IRQHandler
                0x00000000080008b8                TIM3_IRQHandler
                0x00000000080008b8                RCC_IRQHandler
                0x00000000080008b8                TIM1_TRG_COM_IRQHandler
                0x00000000080008b8                SAI2_B_IRQHandler
                0x00000000080008b8                Default_Handler
                0x00000000080008b8                GPDMA1_Channel8_IRQHandler
                0x00000000080008b8                HPDMA1_Channel8_IRQHandler
                0x00000000080008b8                CEC_IRQHandler
                0x00000000080008b8                TIM14_IRQHandler
                0x00000000080008b8                TIM13_IRQHandler
                0x00000000080008b8                GPDMA1_Channel11_IRQHandler
                0x00000000080008b8                GPU2D_ER_IRQHandler
                0x00000000080008b8                SPI5_IRQHandler
                0x00000000080008b8                TIM12_IRQHandler
                0x00000000080008b8                TIM7_IRQHandler
                0x00000000080008b8                HPDMA1_Channel10_IRQHandler
                0x00000000080008b8                SDMMC1_IRQHandler
                0x00000000080008b8                TIM5_IRQHandler
                0x00000000080008b8                UCPD1_IRQHandler
                0x00000000080008b8                GPDMA1_Channel0_IRQHandler
                0x00000000080008b8                I3C1_EV_IRQHandler
                0x00000000080008b8                HPDMA1_Channel5_IRQHandler
                0x00000000080008b8                TIM15_IRQHandler
                0x00000000080008b8                I2C3_EV_IRQHandler
                0x00000000080008b8                HPDMA1_Channel4_IRQHandler
                0x00000000080008b8                HPDMA1_Channel15_IRQHandler
                0x00000000080008b8                TIM9_IRQHandler
                0x00000000080008b8                LTDC_IRQHandler
                0x00000000080008b8                SPDIF_RX_IRQHandler
                0x00000000080008b8                PVD_PVM_IRQHandler
                0x00000000080008b8                SPI2_IRQHandler
                0x00000000080008b8                HPDMA1_Channel11_IRQHandler
                0x00000000080008b8                EXTI14_IRQHandler
                0x00000000080008b8                EXTI11_IRQHandler
                0x00000000080008b8                CRS_IRQHandler
                0x00000000080008b8                GPDMA1_Channel14_IRQHandler
                0x00000000080008b8                EXTI4_IRQHandler
                0x00000000080008b8                GPDMA1_Channel13_IRQHandler
                0x00000000080008b8                RNG_IRQHandler
                0x00000000080008b8                FDCAN2_IT1_IRQHandler
                0x00000000080008b8                ETH_IRQHandler
                0x00000000080008b8                TIM1_UP_IRQHandler
                0x00000000080008b8                WWDG_IRQHandler
                0x00000000080008b8                SPI6_IRQHandler
                0x00000000080008b8                MDIOS_IRQHandler
                0x00000000080008b8                FDCAN2_IT0_IRQHandler
                0x00000000080008b8                IWDG_IRQHandler
                0x00000000080008b8                HPDMA1_Channel14_IRQHandler
                0x00000000080008b8                LPUART1_IRQHandler
                0x00000000080008b8                FDCAN1_IT0_IRQHandler
                0x00000000080008b8                TIM2_IRQHandler
                0x00000000080008b8                PSSI_IRQHandler
                0x00000000080008b8                GPDMA1_Channel4_IRQHandler
                0x00000000080008b8                OTG_HS_IRQHandler
                0x00000000080008b8                EXTI7_IRQHandler
                0x00000000080008b8                DMA2D_IRQHandler
                0x00000000080008b8                TIM1_BRK_IRQHandler
                0x00000000080008b8                EXTI1_IRQHandler
                0x00000000080008b8                SDMMC2_IRQHandler
                0x00000000080008b8                UART7_IRQHandler
                0x00000000080008b8                DTS_IRQHandler
                0x00000000080008b8                USART2_IRQHandler
                0x00000000080008b8                GPDMA1_Channel6_IRQHandler
                0x00000000080008b8                ADF1_FLT0_IRQHandler
                0x00000000080008b8                RAMECC_IRQHandler
                0x00000000080008b8                I2C2_ER_IRQHandler
                0x00000000080008b8                HPDMA1_Channel12_IRQHandler
                0x00000000080008b8                FLASH_IRQHandler
                0x00000000080008b8                USART1_IRQHandler
                0x00000000080008b8                EXTI10_IRQHandler
                0x00000000080008b8                OTG_FS_IRQHandler
                0x00000000080008b8                SPI3_IRQHandler
                0x00000000080008b8                WAKEUP_PIN_IRQHandler
                0x00000000080008b8                DCMIPP_IRQHandler
                0x00000000080008b8                I2C1_ER_IRQHandler
                0x00000000080008b8                FMC_IRQHandler
                0x00000000080008b8                EXTI6_IRQHandler
                0x00000000080008b8                LPTIM1_IRQHandler
                0x00000000080008b8                GPDMA1_Channel10_IRQHandler
                0x00000000080008b8                ICACHE_IRQHandler
                0x00000000080008b8                HASH_IRQHandler
 *fill*         0x00000000080008ba        0x2 
 .text.SystemInit
                0x00000000080008bc       0x2c CMakeFiles/STM32_Drivers.dir/Core/Src/system_stm32h7rsxx.c.obj
                0x00000000080008bc                SystemInit
 .text.SystemCoreClockUpdate
                0x00000000080008e8      0x270 CMakeFiles/STM32_Drivers.dir/Core/Src/system_stm32h7rsxx.c.obj
                0x00000000080008e8                SystemCoreClockUpdate
 .text.__NVIC_SetPriorityGrouping
                0x0000000008000b58       0x48 CMakeFiles/STM32_Drivers.dir/home/blake/NER/Cerberus-2.0/Drivers/STM32H7RSxx_HAL_Driver/Src/stm32h7rsxx_hal_cortex.c.obj
 .text.__NVIC_GetPriorityGrouping
                0x0000000008000ba0       0x1c CMakeFiles/STM32_Drivers.dir/home/blake/NER/Cerberus-2.0/Drivers/STM32H7RSxx_HAL_Driver/Src/stm32h7rsxx_hal_cortex.c.obj
 .text.__NVIC_SetPriority
                0x0000000008000bbc       0x54 CMakeFiles/STM32_Drivers.dir/home/blake/NER/Cerberus-2.0/Drivers/STM32H7RSxx_HAL_Driver/Src/stm32h7rsxx_hal_cortex.c.obj
 .text.NVIC_EncodePriority
                0x0000000008000c10       0x66 CMakeFiles/STM32_Drivers.dir/home/blake/NER/Cerberus-2.0/Drivers/STM32H7RSxx_HAL_Driver/Src/stm32h7rsxx_hal_cortex.c.obj
 *fill*         0x0000000008000c76        0x2 
 .text.SysTick_Config
                0x0000000008000c78       0x44 CMakeFiles/STM32_Drivers.dir/home/blake/NER/Cerberus-2.0/Drivers/STM32H7RSxx_HAL_Driver/Src/stm32h7rsxx_hal_cortex.c.obj
 .text.HAL_NVIC_SetPriorityGrouping
                0x0000000008000cbc       0x16 CMakeFiles/STM32_Drivers.dir/home/blake/NER/Cerberus-2.0/Drivers/STM32H7RSxx_HAL_Driver/Src/stm32h7rsxx_hal_cortex.c.obj
                0x0000000008000cbc                HAL_NVIC_SetPriorityGrouping
 .text.HAL_NVIC_SetPriority
                0x0000000008000cd2       0x34 CMakeFiles/STM32_Drivers.dir/home/blake/NER/Cerberus-2.0/Drivers/STM32H7RSxx_HAL_Driver/Src/stm32h7rsxx_hal_cortex.c.obj
                0x0000000008000cd2                HAL_NVIC_SetPriority
 .text.HAL_SYSTICK_Config
                0x0000000008000d06       0x18 CMakeFiles/STM32_Drivers.dir/home/blake/NER/Cerberus-2.0/Drivers/STM32H7RSxx_HAL_Driver/Src/stm32h7rsxx_hal_cortex.c.obj
                0x0000000008000d06                HAL_SYSTICK_Config
 *fill*         0x0000000008000d1e        0x2 
 .text.HAL_MPU_Enable
                0x0000000008000d20       0x44 CMakeFiles/STM32_Drivers.dir/home/blake/NER/Cerberus-2.0/Drivers/STM32H7RSxx_HAL_Driver/Src/stm32h7rsxx_hal_cortex.c.obj
                0x0000000008000d20                HAL_MPU_Enable
 .text.HAL_MPU_Disable
                0x0000000008000d64       0x3c CMakeFiles/STM32_Drivers.dir/home/blake/NER/Cerberus-2.0/Drivers/STM32H7RSxx_HAL_Driver/Src/stm32h7rsxx_hal_cortex.c.obj
                0x0000000008000d64                HAL_MPU_Disable
 .text.HAL_MPU_DisableRegion
                0x0000000008000da0       0x2c CMakeFiles/STM32_Drivers.dir/home/blake/NER/Cerberus-2.0/Drivers/STM32H7RSxx_HAL_Driver/Src/stm32h7rsxx_hal_cortex.c.obj
                0x0000000008000da0                HAL_MPU_DisableRegion
 .text.HAL_MPU_ConfigRegion
                0x0000000008000dcc       0x8c CMakeFiles/STM32_Drivers.dir/home/blake/NER/Cerberus-2.0/Drivers/STM32H7RSxx_HAL_Driver/Src/stm32h7rsxx_hal_cortex.c.obj
                0x0000000008000dcc                HAL_MPU_ConfigRegion
 .text.HAL_RCC_GetSysClockFreq
                0x0000000008000e58      0x2cc CMakeFiles/STM32_Drivers.dir/home/blake/NER/Cerberus-2.0/Drivers/STM32H7RSxx_HAL_Driver/Src/stm32h7rsxx_hal_rcc.c.obj
                0x0000000008000e58                HAL_RCC_GetSysClockFreq
 .text.HAL_RCC_GetHCLKFreq
                0x0000000008001124       0x50 CMakeFiles/STM32_Drivers.dir/home/blake/NER/Cerberus-2.0/Drivers/STM32H7RSxx_HAL_Driver/Src/stm32h7rsxx_hal_rcc.c.obj
                0x0000000008001124                HAL_RCC_GetHCLKFreq
 .text.HAL_RCCEx_PeriphCLKConfig
                0x0000000008001174      0xe08 CMakeFiles/STM32_Drivers.dir/home/blake/NER/Cerberus-2.0/Drivers/STM32H7RSxx_HAL_Driver/Src/stm32h7rsxx_hal_rcc_ex.c.obj
                0x0000000008001174                HAL_RCCEx_PeriphCLKConfig
 .text.HAL_GPIO_Init
                0x0000000008001f7c      0x2c0 CMakeFiles/STM32_Drivers.dir/home/blake/NER/Cerberus-2.0/Drivers/STM32H7RSxx_HAL_Driver/Src/stm32h7rsxx_hal_gpio.c.obj
                0x0000000008001f7c                HAL_GPIO_Init
 .text.HAL_Init
                0x000000000800223c       0x30 CMakeFiles/STM32_Drivers.dir/home/blake/NER/Cerberus-2.0/Drivers/STM32H7RSxx_HAL_Driver/Src/stm32h7rsxx_hal.c.obj
                0x000000000800223c                HAL_Init
 .text.HAL_InitTick
                0x000000000800226c       0x78 CMakeFiles/STM32_Drivers.dir/home/blake/NER/Cerberus-2.0/Drivers/STM32H7RSxx_HAL_Driver/Src/stm32h7rsxx_hal.c.obj
                0x000000000800226c                HAL_InitTick
 .text.HAL_IncTick
                0x00000000080022e4       0x28 CMakeFiles/STM32_Drivers.dir/home/blake/NER/Cerberus-2.0/Drivers/STM32H7RSxx_HAL_Driver/Src/stm32h7rsxx_hal.c.obj
                0x00000000080022e4                HAL_IncTick
 .text.HAL_GetTick
                0x000000000800230c       0x18 CMakeFiles/STM32_Drivers.dir/home/blake/NER/Cerberus-2.0/Drivers/STM32H7RSxx_HAL_Driver/Src/stm32h7rsxx_hal.c.obj
                0x000000000800230c                HAL_GetTick
 .text.HAL_SBS_ConfigEthernetPHY
                0x0000000008002324       0x2c CMakeFiles/STM32_Drivers.dir/home/blake/NER/Cerberus-2.0/Drivers/STM32H7RSxx_HAL_Driver/Src/stm32h7rsxx_hal.c.obj
                0x0000000008002324                HAL_SBS_ConfigEthernetPHY
 .text.HAL_ETH_Init
                0x0000000008002350      0x1f8 CMakeFiles/STM32_Drivers.dir/home/blake/NER/Cerberus-2.0/Drivers/STM32H7RSxx_HAL_Driver/Src/stm32h7rsxx_hal_eth.c.obj
                0x0000000008002350                HAL_ETH_Init
 .text.HAL_ETH_SetMDIOClockRange
                0x0000000008002548       0xa0 CMakeFiles/STM32_Drivers.dir/home/blake/NER/Cerberus-2.0/Drivers/STM32H7RSxx_HAL_Driver/Src/stm32h7rsxx_hal_eth.c.obj
                0x0000000008002548                HAL_ETH_SetMDIOClockRange
 .text.ETH_SetMACConfig
                0x00000000080025e8      0x238 CMakeFiles/STM32_Drivers.dir/home/blake/NER/Cerberus-2.0/Drivers/STM32H7RSxx_HAL_Driver/Src/stm32h7rsxx_hal_eth.c.obj
 .text.ETH_SetDMAConfig
                0x0000000008002820      0x10c CMakeFiles/STM32_Drivers.dir/home/blake/NER/Cerberus-2.0/Drivers/STM32H7RSxx_HAL_Driver/Src/stm32h7rsxx_hal_eth.c.obj
 .text.ETH_MACDMAConfig
                0x000000000800292c      0x13a CMakeFiles/STM32_Drivers.dir/home/blake/NER/Cerberus-2.0/Drivers/STM32H7RSxx_HAL_Driver/Src/stm32h7rsxx_hal_eth.c.obj
 .text.ETH_DMATxDescListInit
                0x0000000008002a66       0x92 CMakeFiles/STM32_Drivers.dir/home/blake/NER/Cerberus-2.0/Drivers/STM32H7RSxx_HAL_Driver/Src/stm32h7rsxx_hal_eth.c.obj
 .text.ETH_DMARxDescListInit
                0x0000000008002af8       0xba CMakeFiles/STM32_Drivers.dir/home/blake/NER/Cerberus-2.0/Drivers/STM32H7RSxx_HAL_Driver/Src/stm32h7rsxx_hal_eth.c.obj
 *(.glue_7)
 .glue_7        0x0000000008002bb2        0x0 linker stubs
 *(.glue_7t)
 .glue_7t       0x0000000008002bb2        0x0 linker stubs
 *(.eh_frame)
 *fill*         0x0000000008002bb2        0x2 
 .eh_frame      0x0000000008002bb4        0x0 /usr/lib/gcc/arm-none-eabi/10.3.1/thumb/v7e-m+dp/hard/crtbegin.o
 *(.init)
 .init          0x0000000008002bb4        0x4 /usr/lib/gcc/arm-none-eabi/10.3.1/thumb/v7e-m+dp/hard/crti.o
                0x0000000008002bb4                _init
 .init          0x0000000008002bb8        0x8 /usr/lib/gcc/arm-none-eabi/10.3.1/thumb/v7e-m+dp/hard/crtn.o
 *(.fini)
 .fini          0x0000000008002bc0        0x4 /usr/lib/gcc/arm-none-eabi/10.3.1/thumb/v7e-m+dp/hard/crti.o
                0x0000000008002bc0                _fini
 .fini          0x0000000008002bc4        0x8 /usr/lib/gcc/arm-none-eabi/10.3.1/thumb/v7e-m+dp/hard/crtn.o
                0x0000000008002bcc                . = ALIGN (0x4)
                0x0000000008002bcc                _etext = .

.vfp11_veneer   0x0000000008002bcc        0x0
 .vfp11_veneer  0x0000000008002bcc        0x0 linker stubs

.v4_bx          0x0000000008002bcc        0x0
 .v4_bx         0x0000000008002bcc        0x0 linker stubs

.iplt           0x0000000008002bcc        0x0
 .iplt          0x0000000008002bcc        0x0 /usr/lib/gcc/arm-none-eabi/10.3.1/thumb/v7e-m+dp/hard/crtbegin.o

.rodata         0x0000000008002bcc        0x8
                0x0000000008002bcc                . = ALIGN (0x4)
 *(.rodata)
 .rodata        0x0000000008002bcc        0x8 CMakeFiles/STM32_Drivers.dir/home/blake/NER/Cerberus-2.0/Drivers/STM32H7RSxx_HAL_Driver/Src/stm32h7rsxx_hal_rcc.c.obj
 *(.rodata*)
                0x0000000008002bd4                . = ALIGN (0x4)

.ARM.extab      0x0000000008002bd4        0x0
                0x0000000008002bd4                . = ALIGN (0x4)
 *(.ARM.extab* .gnu.linkonce.armextab.*)
                0x0000000008002bd4                . = ALIGN (0x4)

.ARM            0x0000000008002bd4        0x0
                0x0000000008002bd4                . = ALIGN (0x4)
                0x0000000008002bd4                __exidx_start = .
 *(.ARM.exidx*)
                0x0000000008002bd4                __exidx_end = .
                0x0000000008002bd4                . = ALIGN (0x4)

.preinit_array  0x0000000008002bd4        0x0
                0x0000000008002bd4                . = ALIGN (0x4)
                0x0000000008002bd4                PROVIDE (__preinit_array_start = .)
 *(.preinit_array*)
                0x0000000008002bd4                PROVIDE (__preinit_array_end = .)
                0x0000000008002bd4                . = ALIGN (0x4)

.init_array     0x0000000008002bd4        0x4
                0x0000000008002bd4                . = ALIGN (0x4)
                0x0000000008002bd4                PROVIDE (__init_array_start = .)
 *(SORT_BY_NAME(.init_array.*))
 *(.init_array*)
 .init_array    0x0000000008002bd4        0x4 /usr/lib/gcc/arm-none-eabi/10.3.1/thumb/v7e-m+dp/hard/crtbegin.o
                0x0000000008002bd8                PROVIDE (__init_array_end = .)
                0x0000000008002bd8                . = ALIGN (0x4)

.fini_array     0x0000000008002bd8        0x4
                0x0000000008002bd8                . = ALIGN (0x4)
                0x0000000008002bd8                PROVIDE (__fini_array_start = .)
 *(SORT_BY_NAME(.fini_array.*))
 *(.fini_array*)
 .fini_array    0x0000000008002bd8        0x4 /usr/lib/gcc/arm-none-eabi/10.3.1/thumb/v7e-m+dp/hard/crtbegin.o
                0x0000000008002bdc                PROVIDE (__fini_array_end = .)
                0x0000000008002bdc                . = ALIGN (0x4)
                0x0000000008002bdc                _sidata = LOADADDR (.data)

.rel.dyn        0x0000000008002bdc        0x0
 .rel.iplt      0x0000000008002bdc        0x0 /usr/lib/gcc/arm-none-eabi/10.3.1/thumb/v7e-m+dp/hard/crtbegin.o

.data           0x0000000024000000        0xc load address 0x0000000008002bdc
                0x0000000024000000                . = ALIGN (0x4)
                0x0000000024000000                _sdata = .
 *(.data)
 *(.data*)
 .data.SystemCoreClock
                0x0000000024000000        0x4 CMakeFiles/STM32_Drivers.dir/Core/Src/system_stm32h7rsxx.c.obj
                0x0000000024000000                SystemCoreClock
 .data.uwTickPrio
                0x0000000024000004        0x4 CMakeFiles/STM32_Drivers.dir/home/blake/NER/Cerberus-2.0/Drivers/STM32H7RSxx_HAL_Driver/Src/stm32h7rsxx_hal.c.obj
                0x0000000024000004                uwTickPrio
 .data.uwTickFreq
                0x0000000024000008        0x1 CMakeFiles/STM32_Drivers.dir/home/blake/NER/Cerberus-2.0/Drivers/STM32H7RSxx_HAL_Driver/Src/stm32h7rsxx_hal.c.obj
                0x0000000024000008                uwTickFreq
 *(.RamFunc)
 *(.RamFunc*)
                0x000000002400000c                . = ALIGN (0x4)
 *fill*         0x0000000024000009        0x3 
                0x000000002400000c                _edata = .

.tm_clone_table
                0x000000002400000c        0x0 load address 0x0000000008002be8
 .tm_clone_table
                0x000000002400000c        0x0 /usr/lib/gcc/arm-none-eabi/10.3.1/thumb/v7e-m+dp/hard/crtbegin.o
 .tm_clone_table
                0x000000002400000c        0x0 /usr/lib/gcc/arm-none-eabi/10.3.1/thumb/v7e-m+dp/hard/crtend.o

.igot.plt       0x000000002400000c        0x0 load address 0x0000000008002be8
 .igot.plt      0x000000002400000c        0x0 /usr/lib/gcc/arm-none-eabi/10.3.1/thumb/v7e-m+dp/hard/crtbegin.o

.RxDescripSection
                0x000000002400000c       0x60 load address 0x0000000008002be8
 .RxDescripSection
                0x000000002400000c       0x60 CMakeFiles/Cerberus-2.0_Appli.dir/Core/Src/main.c.obj
                0x000000002400000c                DMARxDscrTab

.TxDescripSection
                0x000000002400006c       0x60 load address 0x0000000008002c48
 .TxDescripSection
                0x000000002400006c       0x60 CMakeFiles/Cerberus-2.0_Appli.dir/Core/Src/main.c.obj
                0x000000002400006c                DMATxDscrTab
                0x00000000240000cc                . = ALIGN (0x4)

.bss            0x00000000240000cc      0x110 load address 0x0000000008002ca8
                0x00000000240000cc                _sbss = .
                0x00000000240000cc                __bss_start__ = _sbss
 *(.bss)
 .bss           0x00000000240000cc       0x1c /usr/lib/gcc/arm-none-eabi/10.3.1/thumb/v7e-m+dp/hard/crtbegin.o
 *(.bss*)
 .bss.TxConfig  0x00000000240000e8       0x38 CMakeFiles/Cerberus-2.0_Appli.dir/Core/Src/main.c.obj
                0x00000000240000e8                TxConfig
 .bss.heth      0x0000000024000120       0xb0 CMakeFiles/Cerberus-2.0_Appli.dir/Core/Src/main.c.obj
                0x0000000024000120                heth
 .bss.MACAddr.0
                0x00000000240001d0        0x6 CMakeFiles/Cerberus-2.0_Appli.dir/Core/Src/main.c.obj
 *fill*         0x00000000240001d6        0x2 
 .bss.uwTick    0x00000000240001d8        0x4 CMakeFiles/STM32_Drivers.dir/home/blake/NER/Cerberus-2.0/Drivers/STM32H7RSxx_HAL_Driver/Src/stm32h7rsxx_hal.c.obj
                0x00000000240001d8                uwTick
 *(COMMON)
                0x00000000240001dc                . = ALIGN (0x4)
                0x00000000240001dc                _ebss = .
                0x00000000240001dc                __bss_end__ = _ebss

RW_NONCACHEABLE
                0x000000002404fc00        0x0
                0x000000002404fc00                __NONCACHEABLEBUFFER_BEGIN = .
 *(noncacheable_buffer)
                0x000000002404fc00                __NONCACHEABLEBUFFER_END = .

._user_heap_stack
                0x0000000020000000      0x600
                0x0000000020000000                . = ALIGN (0x8)
                [!provide]                        PROVIDE (end = .)
                0x0000000020000000                PROVIDE (_end = .)
                0x0000000020000200                . = (. + _Min_Heap_Size)
 *fill*         0x0000000020000000      0x200 
                0x0000000020000600                . = (. + _Min_Stack_Size)
 *fill*         0x0000000020000200      0x400 
                0x0000000020000600                . = ALIGN (0x8)

/DISCARD/
 libc.a(*)
 libm.a(*)
 libgcc.a(*)

.ARM.attributes
                0x0000000000000000       0x2e
 *(.ARM.attributes)
 .ARM.attributes
                0x0000000000000000       0x1e /usr/lib/gcc/arm-none-eabi/10.3.1/thumb/v7e-m+dp/hard/crti.o
 .ARM.attributes
                0x000000000000001e       0x32 /usr/lib/gcc/arm-none-eabi/10.3.1/thumb/v7e-m+dp/hard/crtbegin.o
 .ARM.attributes
                0x0000000000000050       0x32 /usr/lib/gcc/arm-none-eabi/10.3.1/../../../arm-none-eabi/lib/thumb/v7e-m+dp/hard/libc_nano.a(lib_a-init.o)
 .ARM.attributes
                0x0000000000000082       0x32 /usr/lib/gcc/arm-none-eabi/10.3.1/../../../arm-none-eabi/lib/thumb/v7e-m+dp/hard/libc_nano.a(lib_a-memset.o)
 .ARM.attributes
                0x00000000000000b4       0x32 CMakeFiles/Cerberus-2.0_Appli.dir/Core/Src/main.c.obj
 .ARM.attributes
                0x00000000000000e6       0x32 CMakeFiles/Cerberus-2.0_Appli.dir/Core/Src/stm32h7rsxx_it.c.obj
 .ARM.attributes
                0x0000000000000118       0x32 CMakeFiles/Cerberus-2.0_Appli.dir/Core/Src/stm32h7rsxx_hal_msp.c.obj
 .ARM.attributes
                0x000000000000014a       0x21 CMakeFiles/Cerberus-2.0_Appli.dir/Core/Startup/startup_stm32h7r7xx.s.obj
 .ARM.attributes
                0x000000000000016b       0x32 CMakeFiles/STM32_Drivers.dir/Core/Src/system_stm32h7rsxx.c.obj
 .ARM.attributes
                0x000000000000019d       0x32 CMakeFiles/STM32_Drivers.dir/home/blake/NER/Cerberus-2.0/Drivers/STM32H7RSxx_HAL_Driver/Src/stm32h7rsxx_hal_cortex.c.obj
 .ARM.attributes
                0x00000000000001cf       0x32 CMakeFiles/STM32_Drivers.dir/home/blake/NER/Cerberus-2.0/Drivers/STM32H7RSxx_HAL_Driver/Src/stm32h7rsxx_hal_rcc.c.obj
 .ARM.attributes
                0x0000000000000201       0x32 CMakeFiles/STM32_Drivers.dir/home/blake/NER/Cerberus-2.0/Drivers/STM32H7RSxx_HAL_Driver/Src/stm32h7rsxx_hal_rcc_ex.c.obj
 .ARM.attributes
                0x0000000000000233       0x32 CMakeFiles/STM32_Drivers.dir/home/blake/NER/Cerberus-2.0/Drivers/STM32H7RSxx_HAL_Driver/Src/stm32h7rsxx_hal_gpio.c.obj
 .ARM.attributes
                0x0000000000000265       0x32 CMakeFiles/STM32_Drivers.dir/home/blake/NER/Cerberus-2.0/Drivers/STM32H7RSxx_HAL_Driver/Src/stm32h7rsxx_hal.c.obj
 .ARM.attributes
                0x0000000000000297       0x32 CMakeFiles/STM32_Drivers.dir/home/blake/NER/Cerberus-2.0/Drivers/STM32H7RSxx_HAL_Driver/Src/stm32h7rsxx_hal_eth.c.obj
 .ARM.attributes
                0x00000000000002c9       0x30 /usr/lib/gcc/arm-none-eabi/10.3.1/thumb/v7e-m+dp/hard/crtend.o
 .ARM.attributes
                0x00000000000002f9       0x1e /usr/lib/gcc/arm-none-eabi/10.3.1/thumb/v7e-m+dp/hard/crtn.o
OUTPUT(Cerberus-2.0_Appli.elf elf32-littlearm)
LOAD linker stubs
LOAD /usr/lib/gcc/arm-none-eabi/10.3.1/../../../arm-none-eabi/lib/thumb/v7e-m+dp/hard/libc.a
LOAD /usr/lib/gcc/arm-none-eabi/10.3.1/../../../arm-none-eabi/lib/thumb/v7e-m+dp/hard/libm.a
LOAD /usr/lib/gcc/arm-none-eabi/10.3.1/thumb/v7e-m+dp/hard/libgcc.a

.comment        0x0000000000000000       0x33
 .comment       0x0000000000000000       0x33 /usr/lib/gcc/arm-none-eabi/10.3.1/thumb/v7e-m+dp/hard/crtbegin.o
                                         0x34 (size before relaxing)
 .comment       0x0000000000000033       0x34 /usr/lib/gcc/arm-none-eabi/10.3.1/../../../arm-none-eabi/lib/thumb/v7e-m+dp/hard/libc_nano.a(lib_a-init.o)
 .comment       0x0000000000000033       0x34 /usr/lib/gcc/arm-none-eabi/10.3.1/../../../arm-none-eabi/lib/thumb/v7e-m+dp/hard/libc_nano.a(lib_a-memset.o)
 .comment       0x0000000000000033       0x34 CMakeFiles/Cerberus-2.0_Appli.dir/Core/Src/main.c.obj
 .comment       0x0000000000000033       0x34 CMakeFiles/Cerberus-2.0_Appli.dir/Core/Src/stm32h7rsxx_it.c.obj
 .comment       0x0000000000000033       0x34 CMakeFiles/Cerberus-2.0_Appli.dir/Core/Src/stm32h7rsxx_hal_msp.c.obj
 .comment       0x0000000000000033       0x34 CMakeFiles/STM32_Drivers.dir/Core/Src/system_stm32h7rsxx.c.obj
 .comment       0x0000000000000033       0x34 CMakeFiles/STM32_Drivers.dir/home/blake/NER/Cerberus-2.0/Drivers/STM32H7RSxx_HAL_Driver/Src/stm32h7rsxx_hal_cortex.c.obj
 .comment       0x0000000000000033       0x34 CMakeFiles/STM32_Drivers.dir/home/blake/NER/Cerberus-2.0/Drivers/STM32H7RSxx_HAL_Driver/Src/stm32h7rsxx_hal_rcc.c.obj
 .comment       0x0000000000000033       0x34 CMakeFiles/STM32_Drivers.dir/home/blake/NER/Cerberus-2.0/Drivers/STM32H7RSxx_HAL_Driver/Src/stm32h7rsxx_hal_rcc_ex.c.obj
 .comment       0x0000000000000033       0x34 CMakeFiles/STM32_Drivers.dir/home/blake/NER/Cerberus-2.0/Drivers/STM32H7RSxx_HAL_Driver/Src/stm32h7rsxx_hal_gpio.c.obj
 .comment       0x0000000000000033       0x34 CMakeFiles/STM32_Drivers.dir/home/blake/NER/Cerberus-2.0/Drivers/STM32H7RSxx_HAL_Driver/Src/stm32h7rsxx_hal.c.obj
 .comment       0x0000000000000033       0x34 CMakeFiles/STM32_Drivers.dir/home/blake/NER/Cerberus-2.0/Drivers/STM32H7RSxx_HAL_Driver/Src/stm32h7rsxx_hal_eth.c.obj
 .comment       0x0000000000000033       0x34 /usr/lib/gcc/arm-none-eabi/10.3.1/thumb/v7e-m+dp/hard/crtend.o

.debug_info     0x0000000000000000     0xc066
 .debug_info    0x0000000000000000      0x11a /usr/lib/gcc/arm-none-eabi/10.3.1/../../../arm-none-eabi/lib/thumb/v7e-m+dp/hard/libc_nano.a(lib_a-init.o)
 .debug_info    0x000000000000011a      0x137 /usr/lib/gcc/arm-none-eabi/10.3.1/../../../arm-none-eabi/lib/thumb/v7e-m+dp/hard/libc_nano.a(lib_a-memset.o)
 .debug_info    0x0000000000000251     0x1778 CMakeFiles/Cerberus-2.0_Appli.dir/Core/Src/main.c.obj
 .debug_info    0x00000000000019c9      0x12e CMakeFiles/Cerberus-2.0_Appli.dir/Core/Src/stm32h7rsxx_it.c.obj
 .debug_info    0x0000000000001af7     0x1844 CMakeFiles/Cerberus-2.0_Appli.dir/Core/Src/stm32h7rsxx_hal_msp.c.obj
 .debug_info    0x000000000000333b       0x22 CMakeFiles/Cerberus-2.0_Appli.dir/Core/Startup/startup_stm32h7r7xx.s.obj
 .debug_info    0x000000000000335d      0x9b0 CMakeFiles/STM32_Drivers.dir/Core/Src/system_stm32h7rsxx.c.obj
 .debug_info    0x0000000000003d0d     0x11f4 CMakeFiles/STM32_Drivers.dir/home/blake/NER/Cerberus-2.0/Drivers/STM32H7RSxx_HAL_Driver/Src/stm32h7rsxx_hal_cortex.c.obj
 .debug_info    0x0000000000004f01     0x15c6 CMakeFiles/STM32_Drivers.dir/home/blake/NER/Cerberus-2.0/Drivers/STM32H7RSxx_HAL_Driver/Src/stm32h7rsxx_hal_rcc.c.obj
 .debug_info    0x00000000000064c7      0xe2e CMakeFiles/STM32_Drivers.dir/home/blake/NER/Cerberus-2.0/Drivers/STM32H7RSxx_HAL_Driver/Src/stm32h7rsxx_hal_rcc_ex.c.obj
 .debug_info    0x00000000000072f5      0x78c CMakeFiles/STM32_Drivers.dir/home/blake/NER/Cerberus-2.0/Drivers/STM32H7RSxx_HAL_Driver/Src/stm32h7rsxx_hal_gpio.c.obj
 .debug_info    0x0000000000007a81     0x192a CMakeFiles/STM32_Drivers.dir/home/blake/NER/Cerberus-2.0/Drivers/STM32H7RSxx_HAL_Driver/Src/stm32h7rsxx_hal.c.obj
 .debug_info    0x00000000000093ab     0x2cbb CMakeFiles/STM32_Drivers.dir/home/blake/NER/Cerberus-2.0/Drivers/STM32H7RSxx_HAL_Driver/Src/stm32h7rsxx_hal_eth.c.obj

.debug_abbrev   0x0000000000000000     0x16a8
 .debug_abbrev  0x0000000000000000       0xcc /usr/lib/gcc/arm-none-eabi/10.3.1/../../../arm-none-eabi/lib/thumb/v7e-m+dp/hard/libc_nano.a(lib_a-init.o)
 .debug_abbrev  0x00000000000000cc       0xb4 /usr/lib/gcc/arm-none-eabi/10.3.1/../../../arm-none-eabi/lib/thumb/v7e-m+dp/hard/libc_nano.a(lib_a-memset.o)
 .debug_abbrev  0x0000000000000180      0x22e CMakeFiles/Cerberus-2.0_Appli.dir/Core/Src/main.c.obj
 .debug_abbrev  0x00000000000003ae       0x61 CMakeFiles/Cerberus-2.0_Appli.dir/Core/Src/stm32h7rsxx_it.c.obj
 .debug_abbrev  0x000000000000040f      0x1b2 CMakeFiles/Cerberus-2.0_Appli.dir/Core/Src/stm32h7rsxx_hal_msp.c.obj
 .debug_abbrev  0x00000000000005c1       0x12 CMakeFiles/Cerberus-2.0_Appli.dir/Core/Startup/startup_stm32h7r7xx.s.obj
 .debug_abbrev  0x00000000000005d3      0x12e CMakeFiles/STM32_Drivers.dir/Core/Src/system_stm32h7rsxx.c.obj
 .debug_abbrev  0x0000000000000701      0x30d CMakeFiles/STM32_Drivers.dir/home/blake/NER/Cerberus-2.0/Drivers/STM32H7RSxx_HAL_Driver/Src/stm32h7rsxx_hal_cortex.c.obj
 .debug_abbrev  0x0000000000000a0e      0x289 CMakeFiles/STM32_Drivers.dir/home/blake/NER/Cerberus-2.0/Drivers/STM32H7RSxx_HAL_Driver/Src/stm32h7rsxx_hal_rcc.c.obj
 .debug_abbrev  0x0000000000000c97      0x22b CMakeFiles/STM32_Drivers.dir/home/blake/NER/Cerberus-2.0/Drivers/STM32H7RSxx_HAL_Driver/Src/stm32h7rsxx_hal_rcc_ex.c.obj
 .debug_abbrev  0x0000000000000ec2      0x1d9 CMakeFiles/STM32_Drivers.dir/home/blake/NER/Cerberus-2.0/Drivers/STM32H7RSxx_HAL_Driver/Src/stm32h7rsxx_hal_gpio.c.obj
 .debug_abbrev  0x000000000000109b      0x308 CMakeFiles/STM32_Drivers.dir/home/blake/NER/Cerberus-2.0/Drivers/STM32H7RSxx_HAL_Driver/Src/stm32h7rsxx_hal.c.obj
 .debug_abbrev  0x00000000000013a3      0x305 CMakeFiles/STM32_Drivers.dir/home/blake/NER/Cerberus-2.0/Drivers/STM32H7RSxx_HAL_Driver/Src/stm32h7rsxx_hal_eth.c.obj

.debug_loc      0x0000000000000000      0x2e6
 .debug_loc     0x0000000000000000       0xba /usr/lib/gcc/arm-none-eabi/10.3.1/../../../arm-none-eabi/lib/thumb/v7e-m+dp/hard/libc_nano.a(lib_a-init.o)
 .debug_loc     0x00000000000000ba      0x22c /usr/lib/gcc/arm-none-eabi/10.3.1/../../../arm-none-eabi/lib/thumb/v7e-m+dp/hard/libc_nano.a(lib_a-memset.o)

.debug_aranges  0x0000000000000000      0x908
 .debug_aranges
                0x0000000000000000       0x20 /usr/lib/gcc/arm-none-eabi/10.3.1/../../../arm-none-eabi/lib/thumb/v7e-m+dp/hard/libc_nano.a(lib_a-init.o)
 .debug_aranges
                0x0000000000000020       0x20 /usr/lib/gcc/arm-none-eabi/10.3.1/../../../arm-none-eabi/lib/thumb/v7e-m+dp/hard/libc_nano.a(lib_a-memset.o)
 .debug_aranges
                0x0000000000000040       0x40 CMakeFiles/Cerberus-2.0_Appli.dir/Core/Src/main.c.obj
 .debug_aranges
                0x0000000000000080       0x60 CMakeFiles/Cerberus-2.0_Appli.dir/Core/Src/stm32h7rsxx_it.c.obj
 .debug_aranges
                0x00000000000000e0       0x30 CMakeFiles/Cerberus-2.0_Appli.dir/Core/Src/stm32h7rsxx_hal_msp.c.obj
 .debug_aranges
                0x0000000000000110       0x28 CMakeFiles/Cerberus-2.0_Appli.dir/Core/Startup/startup_stm32h7r7xx.s.obj
 .debug_aranges
                0x0000000000000138       0x28 CMakeFiles/STM32_Drivers.dir/Core/Src/system_stm32h7rsxx.c.obj
 .debug_aranges
                0x0000000000000160      0x130 CMakeFiles/STM32_Drivers.dir/home/blake/NER/Cerberus-2.0/Drivers/STM32H7RSxx_HAL_Driver/Src/stm32h7rsxx_hal_cortex.c.obj
 .debug_aranges
                0x0000000000000290      0x130 CMakeFiles/STM32_Drivers.dir/home/blake/NER/Cerberus-2.0/Drivers/STM32H7RSxx_HAL_Driver/Src/stm32h7rsxx_hal_rcc.c.obj
 .debug_aranges
                0x00000000000003c0       0xc8 CMakeFiles/STM32_Drivers.dir/home/blake/NER/Cerberus-2.0/Drivers/STM32H7RSxx_HAL_Driver/Src/stm32h7rsxx_hal_rcc_ex.c.obj
 .debug_aranges
                0x0000000000000488       0x60 CMakeFiles/STM32_Drivers.dir/home/blake/NER/Cerberus-2.0/Drivers/STM32H7RSxx_HAL_Driver/Src/stm32h7rsxx_hal_gpio.c.obj
 .debug_aranges
                0x00000000000004e8      0x240 CMakeFiles/STM32_Drivers.dir/home/blake/NER/Cerberus-2.0/Drivers/STM32H7RSxx_HAL_Driver/Src/stm32h7rsxx_hal.c.obj
 .debug_aranges
                0x0000000000000728      0x1e0 CMakeFiles/STM32_Drivers.dir/home/blake/NER/Cerberus-2.0/Drivers/STM32H7RSxx_HAL_Driver/Src/stm32h7rsxx_hal_eth.c.obj

.debug_line     0x0000000000000000     0x8736
 .debug_line    0x0000000000000000      0x138 /usr/lib/gcc/arm-none-eabi/10.3.1/../../../arm-none-eabi/lib/thumb/v7e-m+dp/hard/libc_nano.a(lib_a-init.o)
 .debug_line    0x0000000000000138      0x1bf /usr/lib/gcc/arm-none-eabi/10.3.1/../../../arm-none-eabi/lib/thumb/v7e-m+dp/hard/libc_nano.a(lib_a-memset.o)
 .debug_line    0x00000000000002f7      0x6a4 CMakeFiles/Cerberus-2.0_Appli.dir/Core/Src/main.c.obj
 .debug_line    0x000000000000099b      0x65e CMakeFiles/Cerberus-2.0_Appli.dir/Core/Src/stm32h7rsxx_it.c.obj
 .debug_line    0x0000000000000ff9      0x646 CMakeFiles/Cerberus-2.0_Appli.dir/Core/Src/stm32h7rsxx_hal_msp.c.obj
 .debug_line    0x000000000000163f       0xa7 CMakeFiles/Cerberus-2.0_Appli.dir/Core/Startup/startup_stm32h7r7xx.s.obj
 .debug_line    0x00000000000016e6      0x69c CMakeFiles/STM32_Drivers.dir/Core/Src/system_stm32h7rsxx.c.obj
 .debug_line    0x0000000000001d82      0xb96 CMakeFiles/STM32_Drivers.dir/home/blake/NER/Cerberus-2.0/Drivers/STM32H7RSxx_HAL_Driver/Src/stm32h7rsxx_hal_cortex.c.obj
 .debug_line    0x0000000000002918     0x14e2 CMakeFiles/STM32_Drivers.dir/home/blake/NER/Cerberus-2.0/Drivers/STM32H7RSxx_HAL_Driver/Src/stm32h7rsxx_hal_rcc.c.obj
 .debug_line    0x0000000000003dfa     0x194d CMakeFiles/STM32_Drivers.dir/home/blake/NER/Cerberus-2.0/Drivers/STM32H7RSxx_HAL_Driver/Src/stm32h7rsxx_hal_rcc_ex.c.obj
 .debug_line    0x0000000000005747      0x931 CMakeFiles/STM32_Drivers.dir/home/blake/NER/Cerberus-2.0/Drivers/STM32H7RSxx_HAL_Driver/Src/stm32h7rsxx_hal_gpio.c.obj
 .debug_line    0x0000000000006078      0xdcf CMakeFiles/STM32_Drivers.dir/home/blake/NER/Cerberus-2.0/Drivers/STM32H7RSxx_HAL_Driver/Src/stm32h7rsxx_hal.c.obj
 .debug_line    0x0000000000006e47     0x18ef CMakeFiles/STM32_Drivers.dir/home/blake/NER/Cerberus-2.0/Drivers/STM32H7RSxx_HAL_Driver/Src/stm32h7rsxx_hal_eth.c.obj

.debug_str      0x0000000000000000   0x12d5e1
 .debug_str     0x0000000000000000      0x16c /usr/lib/gcc/arm-none-eabi/10.3.1/../../../arm-none-eabi/lib/thumb/v7e-m+dp/hard/libc_nano.a(lib_a-init.o)
                                        0x20e (size before relaxing)
 .debug_str     0x000000000000016c       0xaa /usr/lib/gcc/arm-none-eabi/10.3.1/../../../arm-none-eabi/lib/thumb/v7e-m+dp/hard/libc_nano.a(lib_a-memset.o)
                                        0x1c3 (size before relaxing)
 .debug_str     0x0000000000000216   0x129462 CMakeFiles/Cerberus-2.0_Appli.dir/Core/Src/main.c.obj
                                     0x1298f5 (size before relaxing)
 .debug_str     0x0000000000129678       0xe1 CMakeFiles/Cerberus-2.0_Appli.dir/Core/Src/stm32h7rsxx_it.c.obj
                                     0x128bc3 (size before relaxing)
 .debug_str     0x0000000000129759      0x3a1 CMakeFiles/Cerberus-2.0_Appli.dir/Core/Src/stm32h7rsxx_hal_msp.c.obj
                                     0x129a41 (size before relaxing)
 .debug_str     0x0000000000129afa       0x52 CMakeFiles/Cerberus-2.0_Appli.dir/Core/Startup/startup_stm32h7r7xx.s.obj
                                         0x7b (size before relaxing)
 .debug_str     0x0000000000129b4c      0x1f5 CMakeFiles/STM32_Drivers.dir/Core/Src/system_stm32h7rsxx.c.obj
                                     0x128f72 (size before relaxing)
 .debug_str     0x0000000000129d41      0xb9b CMakeFiles/STM32_Drivers.dir/home/blake/NER/Cerberus-2.0/Drivers/STM32H7RSxx_HAL_Driver/Src/stm32h7rsxx_hal_cortex.c.obj
                                     0x129a01 (size before relaxing)
 .debug_str     0x000000000012a8dc      0xa51 CMakeFiles/STM32_Drivers.dir/home/blake/NER/Cerberus-2.0/Drivers/STM32H7RSxx_HAL_Driver/Src/stm32h7rsxx_hal_rcc.c.obj
                                     0x1298af (size before relaxing)
 .debug_str     0x000000000012b32d      0x436 CMakeFiles/STM32_Drivers.dir/home/blake/NER/Cerberus-2.0/Drivers/STM32H7RSxx_HAL_Driver/Src/stm32h7rsxx_hal_rcc_ex.c.obj
                                     0x12955f (size before relaxing)
 .debug_str     0x000000000012b763      0x1f6 CMakeFiles/STM32_Drivers.dir/home/blake/NER/Cerberus-2.0/Drivers/STM32H7RSxx_HAL_Driver/Src/stm32h7rsxx_hal_gpio.c.obj
                                     0x128e1f (size before relaxing)
 .debug_str     0x000000000012b959      0xc03 CMakeFiles/STM32_Drivers.dir/home/blake/NER/Cerberus-2.0/Drivers/STM32H7RSxx_HAL_Driver/Src/stm32h7rsxx_hal.c.obj
                                     0x12a3ba (size before relaxing)
 .debug_str     0x000000000012c55c     0x1085 CMakeFiles/STM32_Drivers.dir/home/blake/NER/Cerberus-2.0/Drivers/STM32H7RSxx_HAL_Driver/Src/stm32h7rsxx_hal_eth.c.obj
                                     0x12a992 (size before relaxing)

.debug_frame    0x0000000000000000     0x23f0
 .debug_frame   0x0000000000000000       0x2c /usr/lib/gcc/arm-none-eabi/10.3.1/../../../arm-none-eabi/lib/thumb/v7e-m+dp/hard/libc_nano.a(lib_a-init.o)
 .debug_frame   0x000000000000002c       0x2c /usr/lib/gcc/arm-none-eabi/10.3.1/../../../arm-none-eabi/lib/thumb/v7e-m+dp/hard/libc_nano.a(lib_a-memset.o)
 .debug_frame   0x0000000000000058       0xac CMakeFiles/Cerberus-2.0_Appli.dir/Core/Src/main.c.obj
 .debug_frame   0x0000000000000104      0x104 CMakeFiles/Cerberus-2.0_Appli.dir/Core/Src/stm32h7rsxx_it.c.obj
 .debug_frame   0x0000000000000208       0x7c CMakeFiles/Cerberus-2.0_Appli.dir/Core/Src/stm32h7rsxx_hal_msp.c.obj
 .debug_frame   0x0000000000000284       0x58 CMakeFiles/STM32_Drivers.dir/Core/Src/system_stm32h7rsxx.c.obj
 .debug_frame   0x00000000000002dc      0x508 CMakeFiles/STM32_Drivers.dir/home/blake/NER/Cerberus-2.0/Drivers/STM32H7RSxx_HAL_Driver/Src/stm32h7rsxx_hal_cortex.c.obj
 .debug_frame   0x00000000000007e4      0x510 CMakeFiles/STM32_Drivers.dir/home/blake/NER/Cerberus-2.0/Drivers/STM32H7RSxx_HAL_Driver/Src/stm32h7rsxx_hal_rcc.c.obj
 .debug_frame   0x0000000000000cf4      0x32c CMakeFiles/STM32_Drivers.dir/home/blake/NER/Cerberus-2.0/Drivers/STM32H7RSxx_HAL_Driver/Src/stm32h7rsxx_hal_rcc_ex.c.obj
 .debug_frame   0x0000000000001020      0x174 CMakeFiles/STM32_Drivers.dir/home/blake/NER/Cerberus-2.0/Drivers/STM32H7RSxx_HAL_Driver/Src/stm32h7rsxx_hal_gpio.c.obj
 .debug_frame   0x0000000000001194      0x9a0 CMakeFiles/STM32_Drivers.dir/home/blake/NER/Cerberus-2.0/Drivers/STM32H7RSxx_HAL_Driver/Src/stm32h7rsxx_hal.c.obj
 .debug_frame   0x0000000000001b34      0x8bc CMakeFiles/STM32_Drivers.dir/home/blake/NER/Cerberus-2.0/Drivers/STM32H7RSxx_HAL_Driver/Src/stm32h7rsxx_hal_eth.c.obj

.debug_ranges   0x0000000000000000      0x820
 .debug_ranges  0x0000000000000000       0x30 CMakeFiles/Cerberus-2.0_Appli.dir/Core/Src/main.c.obj
 .debug_ranges  0x0000000000000030       0x50 CMakeFiles/Cerberus-2.0_Appli.dir/Core/Src/stm32h7rsxx_it.c.obj
 .debug_ranges  0x0000000000000080       0x20 CMakeFiles/Cerberus-2.0_Appli.dir/Core/Src/stm32h7rsxx_hal_msp.c.obj
 .debug_ranges  0x00000000000000a0       0x20 CMakeFiles/Cerberus-2.0_Appli.dir/Core/Startup/startup_stm32h7r7xx.s.obj
 .debug_ranges  0x00000000000000c0       0x18 CMakeFiles/STM32_Drivers.dir/Core/Src/system_stm32h7rsxx.c.obj
 .debug_ranges  0x00000000000000d8      0x120 CMakeFiles/STM32_Drivers.dir/home/blake/NER/Cerberus-2.0/Drivers/STM32H7RSxx_HAL_Driver/Src/stm32h7rsxx_hal_cortex.c.obj
 .debug_ranges  0x00000000000001f8      0x120 CMakeFiles/STM32_Drivers.dir/home/blake/NER/Cerberus-2.0/Drivers/STM32H7RSxx_HAL_Driver/Src/stm32h7rsxx_hal_rcc.c.obj
 .debug_ranges  0x0000000000000318       0xb8 CMakeFiles/STM32_Drivers.dir/home/blake/NER/Cerberus-2.0/Drivers/STM32H7RSxx_HAL_Driver/Src/stm32h7rsxx_hal_rcc_ex.c.obj
 .debug_ranges  0x00000000000003d0       0x50 CMakeFiles/STM32_Drivers.dir/home/blake/NER/Cerberus-2.0/Drivers/STM32H7RSxx_HAL_Driver/Src/stm32h7rsxx_hal_gpio.c.obj
 .debug_ranges  0x0000000000000420      0x230 CMakeFiles/STM32_Drivers.dir/home/blake/NER/Cerberus-2.0/Drivers/STM32H7RSxx_HAL_Driver/Src/stm32h7rsxx_hal.c.obj
 .debug_ranges  0x0000000000000650      0x1d0 CMakeFiles/STM32_Drivers.dir/home/blake/NER/Cerberus-2.0/Drivers/STM32H7RSxx_HAL_Driver/Src/stm32h7rsxx_hal_eth.c.obj

.debug_macro    0x0000000000000000    0x2ef7e
 .debug_macro   0x0000000000000000      0x274 CMakeFiles/Cerberus-2.0_Appli.dir/Core/Src/main.c.obj
 .debug_macro   0x0000000000000274      0xa90 CMakeFiles/Cerberus-2.0_Appli.dir/Core/Src/main.c.obj
 .debug_macro   0x0000000000000d04      0x1b6 CMakeFiles/Cerberus-2.0_Appli.dir/Core/Src/main.c.obj
 .debug_macro   0x0000000000000eba       0x2e CMakeFiles/Cerberus-2.0_Appli.dir/Core/Src/main.c.obj
 .debug_macro   0x0000000000000ee8       0x42 CMakeFiles/Cerberus-2.0_Appli.dir/Core/Src/main.c.obj
 .debug_macro   0x0000000000000f2a      0x34e CMakeFiles/Cerberus-2.0_Appli.dir/Core/Src/main.c.obj
 .debug_macro   0x0000000000001278       0x1c CMakeFiles/Cerberus-2.0_Appli.dir/Core/Src/main.c.obj
 .debug_macro   0x0000000000001294       0x22 CMakeFiles/Cerberus-2.0_Appli.dir/Core/Src/main.c.obj
 .debug_macro   0x00000000000012b6       0xfb CMakeFiles/Cerberus-2.0_Appli.dir/Core/Src/main.c.obj
 .debug_macro   0x00000000000013b1     0x1313 CMakeFiles/Cerberus-2.0_Appli.dir/Core/Src/main.c.obj
 .debug_macro   0x00000000000026c4      0x11f CMakeFiles/Cerberus-2.0_Appli.dir/Core/Src/main.c.obj
 .debug_macro   0x00000000000027e3       0x22 CMakeFiles/Cerberus-2.0_Appli.dir/Core/Src/main.c.obj
 .debug_macro   0x0000000000002805    0x20bbf CMakeFiles/Cerberus-2.0_Appli.dir/Core/Src/main.c.obj
 .debug_macro   0x00000000000233c4       0x6d CMakeFiles/Cerberus-2.0_Appli.dir/Core/Src/main.c.obj
 .debug_macro   0x0000000000023431     0x3478 CMakeFiles/Cerberus-2.0_Appli.dir/Core/Src/main.c.obj
 .debug_macro   0x00000000000268a9       0x22 CMakeFiles/Cerberus-2.0_Appli.dir/Core/Src/main.c.obj
 .debug_macro   0x00000000000268cb       0x52 CMakeFiles/Cerberus-2.0_Appli.dir/Core/Src/main.c.obj
 .debug_macro   0x000000000002691d       0x17 CMakeFiles/Cerberus-2.0_Appli.dir/Core/Src/main.c.obj
 .debug_macro   0x0000000000026934       0x94 CMakeFiles/Cerberus-2.0_Appli.dir/Core/Src/main.c.obj
 .debug_macro   0x00000000000269c8       0x35 CMakeFiles/Cerberus-2.0_Appli.dir/Core/Src/main.c.obj
 .debug_macro   0x00000000000269fd       0x34 CMakeFiles/Cerberus-2.0_Appli.dir/Core/Src/main.c.obj
 .debug_macro   0x0000000000026a31      0x174 CMakeFiles/Cerberus-2.0_Appli.dir/Core/Src/main.c.obj
 .debug_macro   0x0000000000026ba5       0x16 CMakeFiles/Cerberus-2.0_Appli.dir/Core/Src/main.c.obj
 .debug_macro   0x0000000000026bbb       0x43 CMakeFiles/Cerberus-2.0_Appli.dir/Core/Src/main.c.obj
 .debug_macro   0x0000000000026bfe       0x57 CMakeFiles/Cerberus-2.0_Appli.dir/Core/Src/main.c.obj
 .debug_macro   0x0000000000026c55       0x34 CMakeFiles/Cerberus-2.0_Appli.dir/Core/Src/main.c.obj
 .debug_macro   0x0000000000026c89       0x10 CMakeFiles/Cerberus-2.0_Appli.dir/Core/Src/main.c.obj
 .debug_macro   0x0000000000026c99       0x52 CMakeFiles/Cerberus-2.0_Appli.dir/Core/Src/main.c.obj
 .debug_macro   0x0000000000026ceb      0x182 CMakeFiles/Cerberus-2.0_Appli.dir/Core/Src/main.c.obj
 .debug_macro   0x0000000000026e6d      0x333 CMakeFiles/Cerberus-2.0_Appli.dir/Core/Src/main.c.obj
 .debug_macro   0x00000000000271a0      0x1a9 CMakeFiles/Cerberus-2.0_Appli.dir/Core/Src/main.c.obj
 .debug_macro   0x0000000000027349       0x64 CMakeFiles/Cerberus-2.0_Appli.dir/Core/Src/main.c.obj
 .debug_macro   0x00000000000273ad      0xac3 CMakeFiles/Cerberus-2.0_Appli.dir/Core/Src/main.c.obj
 .debug_macro   0x0000000000027e70     0x1f30 CMakeFiles/Cerberus-2.0_Appli.dir/Core/Src/main.c.obj
 .debug_macro   0x0000000000029da0      0x93a CMakeFiles/Cerberus-2.0_Appli.dir/Core/Src/main.c.obj
 .debug_macro   0x000000000002a6da      0x170 CMakeFiles/Cerberus-2.0_Appli.dir/Core/Src/main.c.obj
 .debug_macro   0x000000000002a84a      0x1ba CMakeFiles/Cerberus-2.0_Appli.dir/Core/Src/main.c.obj
 .debug_macro   0x000000000002aa04      0x2e8 CMakeFiles/Cerberus-2.0_Appli.dir/Core/Src/main.c.obj
 .debug_macro   0x000000000002acec      0x590 CMakeFiles/Cerberus-2.0_Appli.dir/Core/Src/main.c.obj
 .debug_macro   0x000000000002b27c      0x52e CMakeFiles/Cerberus-2.0_Appli.dir/Core/Src/main.c.obj
 .debug_macro   0x000000000002b7aa       0xba CMakeFiles/Cerberus-2.0_Appli.dir/Core/Src/main.c.obj
 .debug_macro   0x000000000002b864      0x27c CMakeFiles/Cerberus-2.0_Appli.dir/Core/Src/main.c.obj
 .debug_macro   0x000000000002bae0      0xa8c CMakeFiles/Cerberus-2.0_Appli.dir/Core/Src/main.c.obj
 .debug_macro   0x000000000002c56c      0x129 CMakeFiles/Cerberus-2.0_Appli.dir/Core/Src/main.c.obj
 .debug_macro   0x000000000002c695      0x2c0 CMakeFiles/Cerberus-2.0_Appli.dir/Core/Src/main.c.obj
 .debug_macro   0x000000000002c955      0x3fb CMakeFiles/Cerberus-2.0_Appli.dir/Core/Src/main.c.obj
 .debug_macro   0x000000000002cd50       0xb0 CMakeFiles/Cerberus-2.0_Appli.dir/Core/Src/main.c.obj
 .debug_macro   0x000000000002ce00      0x11c CMakeFiles/Cerberus-2.0_Appli.dir/Core/Src/main.c.obj
 .debug_macro   0x000000000002cf1c      0x210 CMakeFiles/Cerberus-2.0_Appli.dir/Core/Src/main.c.obj
 .debug_macro   0x000000000002d12c      0x2a0 CMakeFiles/Cerberus-2.0_Appli.dir/Core/Src/main.c.obj
 .debug_macro   0x000000000002d3cc       0x3c CMakeFiles/Cerberus-2.0_Appli.dir/Core/Src/main.c.obj
 .debug_macro   0x000000000002d408      0x58d CMakeFiles/Cerberus-2.0_Appli.dir/Core/Src/main.c.obj
 .debug_macro   0x000000000002d995       0x16 CMakeFiles/Cerberus-2.0_Appli.dir/Core/Src/main.c.obj
 .debug_macro   0x000000000002d9ab       0x35 CMakeFiles/Cerberus-2.0_Appli.dir/Core/Src/main.c.obj
 .debug_macro   0x000000000002d9e0      0x253 CMakeFiles/Cerberus-2.0_Appli.dir/Core/Src/stm32h7rsxx_it.c.obj
 .debug_macro   0x000000000002dc33      0x249 CMakeFiles/Cerberus-2.0_Appli.dir/Core/Src/stm32h7rsxx_hal_msp.c.obj
 .debug_macro   0x000000000002de7c      0x245 CMakeFiles/STM32_Drivers.dir/Core/Src/system_stm32h7rsxx.c.obj
 .debug_macro   0x000000000002e0c1      0x23f CMakeFiles/STM32_Drivers.dir/home/blake/NER/Cerberus-2.0/Drivers/STM32H7RSxx_HAL_Driver/Src/stm32h7rsxx_hal_cortex.c.obj
 .debug_macro   0x000000000002e300      0x2a5 CMakeFiles/STM32_Drivers.dir/home/blake/NER/Cerberus-2.0/Drivers/STM32H7RSxx_HAL_Driver/Src/stm32h7rsxx_hal_rcc.c.obj
 .debug_macro   0x000000000002e5a5      0x23f CMakeFiles/STM32_Drivers.dir/home/blake/NER/Cerberus-2.0/Drivers/STM32H7RSxx_HAL_Driver/Src/stm32h7rsxx_hal_rcc_ex.c.obj
 .debug_macro   0x000000000002e7e4      0x246 CMakeFiles/STM32_Drivers.dir/home/blake/NER/Cerberus-2.0/Drivers/STM32H7RSxx_HAL_Driver/Src/stm32h7rsxx_hal_gpio.c.obj
 .debug_macro   0x000000000002ea2a      0x281 CMakeFiles/STM32_Drivers.dir/home/blake/NER/Cerberus-2.0/Drivers/STM32H7RSxx_HAL_Driver/Src/stm32h7rsxx_hal.c.obj
 .debug_macro   0x000000000002ecab      0x2d3 CMakeFiles/STM32_Drivers.dir/home/blake/NER/Cerberus-2.0/Drivers/STM32H7RSxx_HAL_Driver/Src/stm32h7rsxx_hal_eth.c.obj
