Archive member included to satisfy reference by file (symbol)

/usr/lib/gcc/arm-none-eabi/10.3.1/../../../arm-none-eabi/lib/thumb/v7e-m+dp/hard/libc_nano.a(lib_a-atexit.o)
                              /usr/lib/gcc/arm-none-eabi/10.3.1/../../../arm-none-eabi/lib/thumb/v7e-m+dp/hard/crt0.o (atexit)
/usr/lib/gcc/arm-none-eabi/10.3.1/../../../arm-none-eabi/lib/thumb/v7e-m+dp/hard/libc_nano.a(lib_a-exit.o)
                              /usr/lib/gcc/arm-none-eabi/10.3.1/../../../arm-none-eabi/lib/thumb/v7e-m+dp/hard/crt0.o (exit)
/usr/lib/gcc/arm-none-eabi/10.3.1/../../../arm-none-eabi/lib/thumb/v7e-m+dp/hard/libc_nano.a(lib_a-fini.o)
                              /usr/lib/gcc/arm-none-eabi/10.3.1/../../../arm-none-eabi/lib/thumb/v7e-m+dp/hard/crt0.o (__libc_fini_array)
/usr/lib/gcc/arm-none-eabi/10.3.1/../../../arm-none-eabi/lib/thumb/v7e-m+dp/hard/libc_nano.a(lib_a-impure.o)
                              /usr/lib/gcc/arm-none-eabi/10.3.1/../../../arm-none-eabi/lib/thumb/v7e-m+dp/hard/libc_nano.a(lib_a-exit.o) (_global_impure_ptr)
/usr/lib/gcc/arm-none-eabi/10.3.1/../../../arm-none-eabi/lib/thumb/v7e-m+dp/hard/libc_nano.a(lib_a-init.o)
                              /usr/lib/gcc/arm-none-eabi/10.3.1/../../../arm-none-eabi/lib/thumb/v7e-m+dp/hard/crt0.o (__libc_init_array)
/usr/lib/gcc/arm-none-eabi/10.3.1/../../../arm-none-eabi/lib/thumb/v7e-m+dp/hard/libc_nano.a(lib_a-memset.o)
                              /usr/lib/gcc/arm-none-eabi/10.3.1/../../../arm-none-eabi/lib/thumb/v7e-m+dp/hard/crt0.o (memset)
/usr/lib/gcc/arm-none-eabi/10.3.1/../../../arm-none-eabi/lib/thumb/v7e-m+dp/hard/libc_nano.a(lib_a-__atexit.o)
                              /usr/lib/gcc/arm-none-eabi/10.3.1/../../../arm-none-eabi/lib/thumb/v7e-m+dp/hard/libc_nano.a(lib_a-atexit.o) (__register_exitproc)
/usr/lib/gcc/arm-none-eabi/10.3.1/../../../arm-none-eabi/lib/thumb/v7e-m+dp/hard/libc_nano.a(lib_a-__call_atexit.o)
                              /usr/lib/gcc/arm-none-eabi/10.3.1/../../../arm-none-eabi/lib/thumb/v7e-m+dp/hard/libc_nano.a(lib_a-__atexit.o) (__call_exitprocs)
/usr/lib/gcc/arm-none-eabi/10.3.1/../../../arm-none-eabi/lib/thumb/v7e-m+dp/hard/libg_nano.a(lib_a-errno.o)
                              CMakeFiles/Cerberus-2.0_Boot.dir/Core/Src/sysmem.c.obj (__errno)

Discarded input sections

 .text          0x0000000000000000        0x0 /usr/lib/gcc/arm-none-eabi/10.3.1/thumb/v7e-m+dp/hard/crti.o
 .data          0x0000000000000000        0x0 /usr/lib/gcc/arm-none-eabi/10.3.1/thumb/v7e-m+dp/hard/crti.o
 .bss           0x0000000000000000        0x0 /usr/lib/gcc/arm-none-eabi/10.3.1/thumb/v7e-m+dp/hard/crti.o
 .data          0x0000000000000000        0x4 /usr/lib/gcc/arm-none-eabi/10.3.1/thumb/v7e-m+dp/hard/crtbegin.o
 .rodata        0x0000000000000000       0x24 /usr/lib/gcc/arm-none-eabi/10.3.1/thumb/v7e-m+dp/hard/crtbegin.o
 .text          0x0000000000000000       0x70 /usr/lib/gcc/arm-none-eabi/10.3.1/../../../arm-none-eabi/lib/thumb/v7e-m+dp/hard/crt0.o
 .data          0x0000000000000000        0x0 /usr/lib/gcc/arm-none-eabi/10.3.1/../../../arm-none-eabi/lib/thumb/v7e-m+dp/hard/crt0.o
 .bss           0x0000000000000000        0x0 /usr/lib/gcc/arm-none-eabi/10.3.1/../../../arm-none-eabi/lib/thumb/v7e-m+dp/hard/crt0.o
 .ARM.extab     0x0000000000000000        0x0 /usr/lib/gcc/arm-none-eabi/10.3.1/../../../arm-none-eabi/lib/thumb/v7e-m+dp/hard/crt0.o
 .ARM.exidx     0x0000000000000000       0x10 /usr/lib/gcc/arm-none-eabi/10.3.1/../../../arm-none-eabi/lib/thumb/v7e-m+dp/hard/crt0.o
 .debug_line    0x0000000000000000       0x87 /usr/lib/gcc/arm-none-eabi/10.3.1/../../../arm-none-eabi/lib/thumb/v7e-m+dp/hard/crt0.o
 .debug_info    0x0000000000000000       0x26 /usr/lib/gcc/arm-none-eabi/10.3.1/../../../arm-none-eabi/lib/thumb/v7e-m+dp/hard/crt0.o
 .debug_abbrev  0x0000000000000000       0x14 /usr/lib/gcc/arm-none-eabi/10.3.1/../../../arm-none-eabi/lib/thumb/v7e-m+dp/hard/crt0.o
 .debug_aranges
                0x0000000000000000       0x20 /usr/lib/gcc/arm-none-eabi/10.3.1/../../../arm-none-eabi/lib/thumb/v7e-m+dp/hard/crt0.o
 .debug_str     0x0000000000000000       0x98 /usr/lib/gcc/arm-none-eabi/10.3.1/../../../arm-none-eabi/lib/thumb/v7e-m+dp/hard/crt0.o
 .ARM.attributes
                0x0000000000000000       0x1c /usr/lib/gcc/arm-none-eabi/10.3.1/../../../arm-none-eabi/lib/thumb/v7e-m+dp/hard/crt0.o
 .text          0x0000000000000000        0xc /usr/lib/gcc/arm-none-eabi/10.3.1/../../../arm-none-eabi/lib/thumb/v7e-m+dp/hard/libc_nano.a(lib_a-atexit.o)
 .data          0x0000000000000000        0x0 /usr/lib/gcc/arm-none-eabi/10.3.1/../../../arm-none-eabi/lib/thumb/v7e-m+dp/hard/libc_nano.a(lib_a-atexit.o)
 .bss           0x0000000000000000        0x0 /usr/lib/gcc/arm-none-eabi/10.3.1/../../../arm-none-eabi/lib/thumb/v7e-m+dp/hard/libc_nano.a(lib_a-atexit.o)
 .debug_info    0x0000000000000000      0x100 /usr/lib/gcc/arm-none-eabi/10.3.1/../../../arm-none-eabi/lib/thumb/v7e-m+dp/hard/libc_nano.a(lib_a-atexit.o)
[...]
Memory Configuration

Name             Origin             Length             Attributes
RAM              0x0000000024000000 0x000000000004fc00 xrw
RAM_NONCACHEABLEBUFFER 0x000000002404fc00 0x0000000000000400 xrw
ITCM             0x0000000000000000 0x0000000000010000 xrw
DTCM             0x0000000020000000 0x0000000000010000 rw
SRAMAHB          0x0000000030000000 0x0000000000008000 rw
BKPSRAM          0x0000000038800000 0x0000000000001000 rw
FLASH            0x0000000008000000 0x0000000000010000 xrw
*default*        0x0000000000000000 0xffffffffffffffff

Linker script and memory map

LOAD /usr/lib/gcc/arm-none-eabi/10.3.1/thumb/v7e-m+dp/hard/crti.o
LOAD /usr/lib/gcc/arm-none-eabi/10.3.1/thumb/v7e-m+dp/hard/crtbegin.o
LOAD /usr/lib/gcc/arm-none-eabi/10.3.1/../../../arm-none-eabi/lib/thumb/v7e-m+dp/hard/crt0.o
START GROUP
LOAD /usr/lib/gcc/arm-none-eabi/10.3.1/../../../arm-none-eabi/lib/thumb/v7e-m+dp/hard/libc_nano.a
LOAD /usr/lib/gcc/arm-none-eabi/10.3.1/../../../arm-none-eabi/lib/thumb/v7e-m+dp/hard/libm.a
END GROUP
LOAD CMakeFiles/Cerberus-2.0_Boot.dir/Core/Src/main.c.obj
LOAD CMakeFiles/Cerberus-2.0_Boot.dir/Core/Src/stm32h7rsxx_it.c.obj
LOAD CMakeFiles/Cerberus-2.0_Boot.dir/Core/Src/stm32h7rsxx_hal_msp.c.obj
LOAD CMakeFiles/Cerberus-2.0_Boot.dir/Core/Src/sysmem.c.obj
LOAD CMakeFiles/Cerberus-2.0_Boot.dir/Core/Src/syscalls.c.obj
LOAD CMakeFiles/Cerberus-2.0_Boot.dir/Core/Startup/startup_stm32h7r7xx.s.obj
LOAD CMakeFiles/STM32_Drivers.dir/Core/Src/system_stm32h7rsxx.c.obj
LOAD CMakeFiles/STM32_Drivers.dir/home/blake/NER/Cerberus-2.0/Drivers/STM32H7RSxx_HAL_Driver/Src/stm32h7rsxx_hal_cortex.c.obj
LOAD CMakeFiles/STM32_Drivers.dir/home/blake/NER/Cerberus-2.0/Drivers/STM32H7RSxx_HAL_Driver/Src/stm32h7rsxx_hal_pwr.c.obj
LOAD CMakeFiles/STM32_Drivers.dir/home/blake/NER/Cerberus-2.0/Drivers/STM32H7RSxx_HAL_Driver/Src/stm32h7rsxx_hal_pwr_ex.c.obj
LOAD CMakeFiles/STM32_Drivers.dir/home/blake/NER/Cerberus-2.0/Drivers/STM32H7RSxx_HAL_Driver/Src/stm32h7rsxx_hal_rcc.c.obj
LOAD CMakeFiles/STM32_Drivers.dir/home/blake/NER/Cerberus-2.0/Drivers/STM32H7RSxx_HAL_Driver/Src/stm32h7rsxx_hal_rcc_ex.c.obj
LOAD CMakeFiles/STM32_Drivers.dir/home/blake/NER/Cerberus-2.0/Drivers/STM32H7RSxx_HAL_Driver/Src/stm32h7rsxx_hal_flash.c.obj
LOAD CMakeFiles/STM32_Drivers.dir/home/blake/NER/Cerberus-2.0/Drivers/STM32H7RSxx_HAL_Driver/Src/stm32h7rsxx_hal_flash_ex.c.obj
LOAD CMakeFiles/STM32_Drivers.dir/home/blake/NER/Cerberus-2.0/Drivers/STM32H7RSxx_HAL_Driver/Src/stm32h7rsxx_hal_gpio.c.obj
LOAD CMakeFiles/STM32_Drivers.dir/home/blake/NER/Cerberus-2.0/Drivers/STM32H7RSxx_HAL_Driver/Src/stm32h7rsxx_hal_dma.c.obj
LOAD CMakeFiles/STM32_Drivers.dir/home/blake/NER/Cerberus-2.0/Drivers/STM32H7RSxx_HAL_Driver/Src/stm32h7rsxx_hal_dma_ex.c.obj
LOAD CMakeFiles/STM32_Drivers.dir/home/blake/NER/Cerberus-2.0/Drivers/STM32H7RSxx_HAL_Driver/Src/stm32h7rsxx_hal.c.obj
LOAD CMakeFiles/STM32_Drivers.dir/home/blake/NER/Cerberus-2.0/Drivers/STM32H7RSxx_HAL_Driver/Src/stm32h7rsxx_hal_exti.c.obj
START GROUP
LOAD /usr/lib/gcc/arm-none-eabi/10.3.1/thumb/v7e-m+dp/hard/libgcc.a
LOAD /usr/lib/gcc/arm-none-eabi/10.3.1/../../../arm-none-eabi/lib/thumb/v7e-m+dp/hard/libg_nano.a
LOAD /usr/lib/gcc/arm-none-eabi/10.3.1/../../../arm-none-eabi/lib/thumb/v7e-m+dp/hard/libc_nano.a
END GROUP
START GROUP
LOAD /usr/lib/gcc/arm-none-eabi/10.3.1/thumb/v7e-m+dp/hard/libgcc.a
LOAD /usr/lib/gcc/arm-none-eabi/10.3.1/../../../arm-none-eabi/lib/thumb/v7e-m+dp/hard/libc_nano.a
END GROUP
LOAD /usr/lib/gcc/arm-none-eabi/10.3.1/thumb/v7e-m+dp/hard/crtend.o
LOAD /usr/lib/gcc/arm-none-eabi/10.3.1/thumb/v7e-m+dp/hard/crtn.o
                0x0000000020010000                _estack = (ORIGIN (DTCM) + LENGTH (DTCM))
                0x0000000000000200                _Min_Heap_Size = 0x200
                0x0000000000000400                _Min_Stack_Size = 0x400
                0x0000000008000000                __FLASH_BEGIN = 0x8000000
                0x0000000000010000                __FLASH_SIZE = 0x10000
                0x0000000024000000                __RAM_BEGIN = 0x24000000
                0x000000000004fc00                __RAM_SIZE = 0x4fc00
                0x0000000000000400                __RAM_NONCACHEABLEBUFFER_SIZE = 0x400

.isr_vector     0x0000000008000000      0x2b0
                0x0000000008000000                . = ALIGN (0x4)
 *(.isr_vector)
 .isr_vector    0x0000000008000000      0x2b0 CMakeFiles/Cerberus-2.0_Boot.dir/Core/Startup/startup_stm32h7r7xx.s.obj
                0x0000000008000000                g_pfnVectors
                0x00000000080002b0                . = ALIGN (0x4)

.text           0x00000000080002b0     0x179c
                0x00000000080002b0                . = ALIGN (0x4)
 *(.text)
 .text          0x00000000080002b0       0x88 /usr/lib/gcc/arm-none-eabi/10.3.1/thumb/v7e-m+dp/hard/crtbegin.o
 .text          0x0000000008000338       0x48 /usr/lib/gcc/arm-none-eabi/10.3.1/../../../arm-none-eabi/lib/thumb/v7e-m+dp/hard/libc_nano.a(lib_a-init.o)
                0x0000000008000338                __libc_init_array
 .text          0x0000000008000380       0xa4 /usr/lib/gcc/arm-none-eabi/10.3.1/../../../arm-none-eabi/lib/thumb/v7e-m+dp/hard/libc_nano.a(lib_a-memset.o)
                0x0000000008000380                memset
 *(.text*)
 .text.main     0x0000000008000424       0x12 CMakeFiles/Cerberus-2.0_Boot.dir/Core/Src/main.c.obj
                0x0000000008000424                main
 .text.SystemClock_Config
                0x0000000008000436       0x9e CMakeFiles/Cerberus-2.0_Boot.dir/Core/Src/main.c.obj
                0x0000000008000436                SystemClock_Config
 .text.MPU_Config
                0x00000000080004d4       0x72 CMakeFiles/Cerberus-2.0_Boot.dir/Core/Src/main.c.obj
 .text.Error_Handler
                0x0000000008000546        0xa CMakeFiles/Cerberus-2.0_Boot.dir/Core/Src/main.c.obj
                0x0000000008000546                Error_Handler
 .text.NMI_Handler
                0x0000000008000550        0x6 CMakeFiles/Cerberus-2.0_Boot.dir/Core/Src/stm32h7rsxx_it.c.obj
                0x0000000008000550                NMI_Handler
 .text.HardFault_Handler
                0x0000000008000556        0x6 CMakeFiles/Cerberus-2.0_Boot.dir/Core/Src/stm32h7rsxx_it.c.obj
                0x0000000008000556                HardFault_Handler
 .text.MemManage_Handler
                0x000000000800055c        0x6 CMakeFiles/Cerberus-2.0_Boot.dir/Core/Src/stm32h7rsxx_it.c.obj
                0x000000000800055c                MemManage_Handler
 .text.BusFault_Handler
                0x0000000008000562        0x6 CMakeFiles/Cerberus-2.0_Boot.dir/Core/Src/stm32h7rsxx_it.c.obj
                0x0000000008000562                BusFault_Handler
 .text.UsageFault_Handler
                0x0000000008000568        0x6 CMakeFiles/Cerberus-2.0_Boot.dir/Core/Src/stm32h7rsxx_it.c.obj
                0x0000000008000568                UsageFault_Handler
 .text.SVC_Handler
                0x000000000800056e        0xe CMakeFiles/Cerberus-2.0_Boot.dir/Core/Src/stm32h7rsxx_it.c.obj
                0x000000000800056e                SVC_Handler
 .text.DebugMon_Handler
                0x000000000800057c        0xe CMakeFiles/Cerberus-2.0_Boot.dir/Core/Src/stm32h7rsxx_it.c.obj
                0x000000000800057c                DebugMon_Handler
 .text.PendSV_Handler
                0x000000000800058a        0xe CMakeFiles/Cerberus-2.0_Boot.dir/Core/Src/stm32h7rsxx_it.c.obj
                0x000000000800058a                PendSV_Handler
 .text.SysTick_Handler
                0x0000000008000598        0xc CMakeFiles/Cerberus-2.0_Boot.dir/Core/Src/stm32h7rsxx_it.c.obj
                0x0000000008000598                SysTick_Handler
 .text.HAL_MspInit
                0x00000000080005a4       0x18 CMakeFiles/Cerberus-2.0_Boot.dir/Core/Src/stm32h7rsxx_hal_msp.c.obj
                0x00000000080005a4                HAL_MspInit
 .text.Reset_Handler
                0x00000000080005bc       0x50 CMakeFiles/Cerberus-2.0_Boot.dir/Core/Startup/startup_stm32h7r7xx.s.obj
                0x00000000080005bc                Reset_Handler
 .text.Default_Handler
                0x000000000800060c        0x2 CMakeFiles/Cerberus-2.0_Boot.dir/Core/Startup/startup_stm32h7r7xx.s.obj
                0x000000000800060c                HPDMA1_Channel13_IRQHandler
                0x000000000800060c                EXTI2_IRQHandler
                0x000000000800060c                SAI1_A_IRQHandler
                0x000000000800060c                EXTI5_IRQHandler
                0x000000000800060c                I3C1_ER_IRQHandler
                0x000000000800060c                UART8_IRQHandler
                0x000000000800060c                SPI4_IRQHandler
                0x000000000800060c                EXTI13_IRQHandler
                0x000000000800060c                TIM1_CC_IRQHandler
                0x000000000800060c                XSPI1_IRQHandler
                0x000000000800060c                JPEG_IRQHandler
                0x000000000800060c                TAMP_IRQHandler
                0x000000000800060c                TIM6_IRQHandler
                0x000000000800060c                EXTI12_IRQHandler
                0x000000000800060c                CORDIC_IRQHandler
                0x000000000800060c                GFXTIM_IRQHandler
                0x000000000800060c                EXTI3_IRQHandler
                0x000000000800060c                LPTIM4_IRQHandler
                0x000000000800060c                GPDMA1_Channel5_IRQHandler
                0x000000000800060c                EXTI8_IRQHandler
                0x000000000800060c                LPTIM2_IRQHandler
                0x000000000800060c                GFXMMU_IRQHandler
                0x000000000800060c                I2C3_ER_IRQHandler
                0x000000000800060c                LPTIM3_IRQHandler
                0x000000000800060c                SAI2_A_IRQHandler
                0x000000000800060c                EXTI0_IRQHandler
                0x000000000800060c                HPDMA1_Channel9_IRQHandler
                0x000000000800060c                I2C2_EV_IRQHandler
                0x000000000800060c                GPU2D_IRQHandler
                0x000000000800060c                FPU_IRQHandler
                0x000000000800060c                GPDMA1_Channel3_IRQHandler
                0x000000000800060c                GPDMA1_Channel7_IRQHandler
                0x000000000800060c                FDCAN1_IT1_IRQHandler
                0x000000000800060c                HPDMA1_Channel3_IRQHandler
                0x000000000800060c                LTDC_ER_IRQHandler
                0x000000000800060c                ADC1_2_IRQHandler
                0x000000000800060c                GPDMA1_Channel9_IRQHandler
                0x000000000800060c                SPI1_IRQHandler
                0x000000000800060c                SAI1_B_IRQHandler
                0x000000000800060c                GPDMA1_Channel2_IRQHandler
                0x000000000800060c                I3C1_WKUP_IRQHandler
                0x000000000800060c                PKA_IRQHandler
                0x000000000800060c                HPDMA1_Channel2_IRQHandler
                0x000000000800060c                EXTI15_IRQHandler
                0x000000000800060c                TIM17_IRQHandler
                0x000000000800060c                USART3_IRQHandler
                0x000000000800060c                HPDMA1_Channel6_IRQHandler
                0x000000000800060c                RTC_IRQHandler
                0x000000000800060c                XSPI2_IRQHandler
                0x000000000800060c                EXTI9_IRQHandler
                0x000000000800060c                HPDMA1_Channel0_IRQHandler
                0x000000000800060c                LPTIM5_IRQHandler
                0x000000000800060c                HPDMA1_Channel1_IRQHandler
                0x000000000800060c                UART5_IRQHandler
                0x000000000800060c                TIM4_IRQHandler
                0x000000000800060c                I2C1_EV_IRQHandler
                0x000000000800060c                GPDMA1_Channel12_IRQHandler
                0x000000000800060c                HPDMA1_Channel7_IRQHandler
                0x000000000800060c                GPDMA1_Channel1_IRQHandler
                0x000000000800060c                TIM16_IRQHandler
                0x000000000800060c                GPDMA1_Channel15_IRQHandler
                0x000000000800060c                UART4_IRQHandler
                0x000000000800060c                TIM3_IRQHandler
                0x000000000800060c                RCC_IRQHandler
                0x000000000800060c                TIM1_TRG_COM_IRQHandler
                0x000000000800060c                SAI2_B_IRQHandler
                0x000000000800060c                Default_Handler
                0x000000000800060c                GPDMA1_Channel8_IRQHandler
                0x000000000800060c                HPDMA1_Channel8_IRQHandler
                0x000000000800060c                CEC_IRQHandler
                0x000000000800060c                TIM14_IRQHandler
                0x000000000800060c                TIM13_IRQHandler
                0x000000000800060c                GPDMA1_Channel11_IRQHandler
                0x000000000800060c                GPU2D_ER_IRQHandler
                0x000000000800060c                SPI5_IRQHandler
                0x000000000800060c                TIM12_IRQHandler
                0x000000000800060c                TIM7_IRQHandler
                0x000000000800060c                HPDMA1_Channel10_IRQHandler
                0x000000000800060c                SDMMC1_IRQHandler
                0x000000000800060c                TIM5_IRQHandler
                0x000000000800060c                UCPD1_IRQHandler
                0x000000000800060c                GPDMA1_Channel0_IRQHandler
                0x000000000800060c                I3C1_EV_IRQHandler
                0x000000000800060c                HPDMA1_Channel5_IRQHandler
                0x000000000800060c                TIM15_IRQHandler
                0x000000000800060c                I2C3_EV_IRQHandler
                0x000000000800060c                HPDMA1_Channel4_IRQHandler
                0x000000000800060c                HPDMA1_Channel15_IRQHandler
                0x000000000800060c                TIM9_IRQHandler
                0x000000000800060c                LTDC_IRQHandler
                0x000000000800060c                SPDIF_RX_IRQHandler
                0x000000000800060c                PVD_PVM_IRQHandler
                0x000000000800060c                SPI2_IRQHandler
                0x000000000800060c                HPDMA1_Channel11_IRQHandler
                0x000000000800060c                EXTI14_IRQHandler
                0x000000000800060c                EXTI11_IRQHandler
                0x000000000800060c                CRS_IRQHandler
                0x000000000800060c                GPDMA1_Channel14_IRQHandler
                0x000000000800060c                EXTI4_IRQHandler
                0x000000000800060c                GPDMA1_Channel13_IRQHandler
                0x000000000800060c                RNG_IRQHandler
                0x000000000800060c                FDCAN2_IT1_IRQHandler
                0x000000000800060c                ETH_IRQHandler
                0x000000000800060c                TIM1_UP_IRQHandler
                0x000000000800060c                WWDG_IRQHandler
                0x000000000800060c                SPI6_IRQHandler
                0x000000000800060c                MDIOS_IRQHandler
                0x000000000800060c                FDCAN2_IT0_IRQHandler
                0x000000000800060c                IWDG_IRQHandler
                0x000000000800060c                HPDMA1_Channel14_IRQHandler
                0x000000000800060c                LPUART1_IRQHandler
                0x000000000800060c                FDCAN1_IT0_IRQHandler
                0x000000000800060c                TIM2_IRQHandler
                0x000000000800060c                PSSI_IRQHandler
                0x000000000800060c                GPDMA1_Channel4_IRQHandler
                0x000000000800060c                OTG_HS_IRQHandler
                0x000000000800060c                EXTI7_IRQHandler
                0x000000000800060c                DMA2D_IRQHandler
                0x000000000800060c                TIM1_BRK_IRQHandler
                0x000000000800060c                EXTI1_IRQHandler
                0x000000000800060c                SDMMC2_IRQHandler
                0x000000000800060c                UART7_IRQHandler
                0x000000000800060c                DTS_IRQHandler
                0x000000000800060c                USART2_IRQHandler
                0x000000000800060c                GPDMA1_Channel6_IRQHandler
                0x000000000800060c                ADF1_FLT0_IRQHandler
                0x000000000800060c                RAMECC_IRQHandler
                0x000000000800060c                I2C2_ER_IRQHandler
                0x000000000800060c                HPDMA1_Channel12_IRQHandler
                0x000000000800060c                FLASH_IRQHandler
                0x000000000800060c                USART1_IRQHandler
                0x000000000800060c                EXTI10_IRQHandler
                0x000000000800060c                OTG_FS_IRQHandler
                0x000000000800060c                SPI3_IRQHandler
                0x000000000800060c                WAKEUP_PIN_IRQHandler
                0x000000000800060c                DCMIPP_IRQHandler
                0x000000000800060c                I2C1_ER_IRQHandler
                0x000000000800060c                FMC_IRQHandler
                0x000000000800060c                EXTI6_IRQHandler
                0x000000000800060c                LPTIM1_IRQHandler
                0x000000000800060c                GPDMA1_Channel10_IRQHandler
                0x000000000800060c                ICACHE_IRQHandler
                0x000000000800060c                HASH_IRQHandler
 *fill*         0x000000000800060e        0x2 
 .text.SystemInit
                0x0000000008000610       0x2c CMakeFiles/STM32_Drivers.dir/Core/Src/system_stm32h7rsxx.c.obj
                0x0000000008000610                SystemInit
 .text.__NVIC_SetPriorityGrouping
                0x000000000800063c       0x48 CMakeFiles/STM32_Drivers.dir/home/blake/NER/Cerberus-2.0/Drivers/STM32H7RSxx_HAL_Driver/Src/stm32h7rsxx_hal_cortex.c.obj
 .text.__NVIC_GetPriorityGrouping
                0x0000000008000684       0x1c CMakeFiles/STM32_Drivers.dir/home/blake/NER/Cerberus-2.0/Drivers/STM32H7RSxx_HAL_Driver/Src/stm32h7rsxx_hal_cortex.c.obj
 .text.__NVIC_SetPriority
                0x00000000080006a0       0x54 CMakeFiles/STM32_Drivers.dir/home/blake/NER/Cerberus-2.0/Drivers/STM32H7RSxx_HAL_Driver/Src/stm32h7rsxx_hal_cortex.c.obj
 .text.NVIC_EncodePriority
                0x00000000080006f4       0x66 CMakeFiles/STM32_Drivers.dir/home/blake/NER/Cerberus-2.0/Drivers/STM32H7RSxx_HAL_Driver/Src/stm32h7rsxx_hal_cortex.c.obj
 *fill*         0x000000000800075a        0x2 
 .text.SysTick_Config
                0x000000000800075c       0x44 CMakeFiles/STM32_Drivers.dir/home/blake/NER/Cerberus-2.0/Drivers/STM32H7RSxx_HAL_Driver/Src/stm32h7rsxx_hal_cortex.c.obj
 .text.HAL_NVIC_SetPriorityGrouping
                0x00000000080007a0       0x16 CMakeFiles/STM32_Drivers.dir/home/blake/NER/Cerberus-2.0/Drivers/STM32H7RSxx_HAL_Driver/Src/stm32h7rsxx_hal_cortex.c.obj
                0x00000000080007a0                HAL_NVIC_SetPriorityGrouping
 .text.HAL_NVIC_SetPriority
                0x00000000080007b6       0x34 CMakeFiles/STM32_Drivers.dir/home/blake/NER/Cerberus-2.0/Drivers/STM32H7RSxx_HAL_Driver/Src/stm32h7rsxx_hal_cortex.c.obj
                0x00000000080007b6                HAL_NVIC_SetPriority
 .text.HAL_SYSTICK_Config
                0x00000000080007ea       0x18 CMakeFiles/STM32_Drivers.dir/home/blake/NER/Cerberus-2.0/Drivers/STM32H7RSxx_HAL_Driver/Src/stm32h7rsxx_hal_cortex.c.obj
                0x00000000080007ea                HAL_SYSTICK_Config
 *fill*         0x0000000008000802        0x2 
 .text.HAL_MPU_Enable
                0x0000000008000804       0x44 CMakeFiles/STM32_Drivers.dir/home/blake/NER/Cerberus-2.0/Drivers/STM32H7RSxx_HAL_Driver/Src/stm32h7rsxx_hal_cortex.c.obj
                0x0000000008000804                HAL_MPU_Enable
 .text.HAL_MPU_Disable
                0x0000000008000848       0x3c CMakeFiles/STM32_Drivers.dir/home/blake/NER/Cerberus-2.0/Drivers/STM32H7RSxx_HAL_Driver/Src/stm32h7rsxx_hal_cortex.c.obj
                0x0000000008000848                HAL_MPU_Disable
 .text.HAL_MPU_DisableRegion
                0x0000000008000884       0x2c CMakeFiles/STM32_Drivers.dir/home/blake/NER/Cerberus-2.0/Drivers/STM32H7RSxx_HAL_Driver/Src/stm32h7rsxx_hal_cortex.c.obj
                0x0000000008000884                HAL_MPU_DisableRegion
 .text.HAL_MPU_ConfigRegion
                0x00000000080008b0       0x8c CMakeFiles/STM32_Drivers.dir/home/blake/NER/Cerberus-2.0/Drivers/STM32H7RSxx_HAL_Driver/Src/stm32h7rsxx_hal_cortex.c.obj
                0x00000000080008b0                HAL_MPU_ConfigRegion
 .text.HAL_PWREx_ConfigSupply
                0x000000000800093c       0xa4 CMakeFiles/STM32_Drivers.dir/home/blake/NER/Cerberus-2.0/Drivers/STM32H7RSxx_HAL_Driver/Src/stm32h7rsxx_hal_pwr_ex.c.obj
                0x000000000800093c                HAL_PWREx_ConfigSupply
 .text.HAL_PWREx_ControlVoltageScaling
                0x00000000080009e0       0x50 CMakeFiles/STM32_Drivers.dir/home/blake/NER/Cerberus-2.0/Drivers/STM32H7RSxx_HAL_Driver/Src/stm32h7rsxx_hal_pwr_ex.c.obj
                0x00000000080009e0                HAL_PWREx_ControlVoltageScaling
 .text.HAL_RCC_OscConfig
                0x0000000008000a30      0x674 CMakeFiles/STM32_Drivers.dir/home/blake/NER/Cerberus-2.0/Drivers/STM32H7RSxx_HAL_Driver/Src/stm32h7rsxx_hal_rcc.c.obj
                0x0000000008000a30                HAL_RCC_OscConfig
 .text.HAL_RCC_ClockConfig
                0x00000000080010a4      0x330 CMakeFiles/STM32_Drivers.dir/home/blake/NER/Cerberus-2.0/Drivers/STM32H7RSxx_HAL_Driver/Src/stm32h7rsxx_hal_rcc.c.obj
                0x00000000080010a4                HAL_RCC_ClockConfig
 .text.HAL_RCC_GetSysClockFreq
                0x00000000080013d4      0x2cc CMakeFiles/STM32_Drivers.dir/home/blake/NER/Cerberus-2.0/Drivers/STM32H7RSxx_HAL_Driver/Src/stm32h7rsxx_hal_rcc.c.obj
                0x00000000080013d4                HAL_RCC_GetSysClockFreq
 .text.RCC_PLL_Config
                0x00000000080016a0      0x2ac CMakeFiles/STM32_Drivers.dir/home/blake/NER/Cerberus-2.0/Drivers/STM32H7RSxx_HAL_Driver/Src/stm32h7rsxx_hal_rcc.c.obj
 .text.HAL_Init
                0x000000000800194c       0x30 CMakeFiles/STM32_Drivers.dir/home/blake/NER/Cerberus-2.0/Drivers/STM32H7RSxx_HAL_Driver/Src/stm32h7rsxx_hal.c.obj
                0x000000000800194c                HAL_Init
 .text.HAL_InitTick
                0x000000000800197c       0x78 CMakeFiles/STM32_Drivers.dir/home/blake/NER/Cerberus-2.0/Drivers/STM32H7RSxx_HAL_Driver/Src/stm32h7rsxx_hal.c.obj
                0x000000000800197c                HAL_InitTick
 .text.HAL_IncTick
                0x00000000080019f4       0x28 CMakeFiles/STM32_Drivers.dir/home/blake/NER/Cerberus-2.0/Drivers/STM32H7RSxx_HAL_Driver/Src/stm32h7rsxx_hal.c.obj
                0x00000000080019f4                HAL_IncTick
 .text.HAL_GetTick
                0x0000000008001a1c       0x18 CMakeFiles/STM32_Drivers.dir/home/blake/NER/Cerberus-2.0/Drivers/STM32H7RSxx_HAL_Driver/Src/stm32h7rsxx_hal.c.obj
                0x0000000008001a1c                HAL_GetTick
 *(.glue_7)
 .glue_7        0x0000000008001a34        0x0 linker stubs
 *(.glue_7t)
 .glue_7t       0x0000000008001a34        0x0 linker stubs
 *(.eh_frame)
 .eh_frame      0x0000000008001a34        0x0 /usr/lib/gcc/arm-none-eabi/10.3.1/thumb/v7e-m+dp/hard/crtbegin.o
 *(.init)
 .init          0x0000000008001a34        0x4 /usr/lib/gcc/arm-none-eabi/10.3.1/thumb/v7e-m+dp/hard/crti.o
                0x0000000008001a34                _init
 .init          0x0000000008001a38        0x8 /usr/lib/gcc/arm-none-eabi/10.3.1/thumb/v7e-m+dp/hard/crtn.o
 *(.fini)
 .fini          0x0000000008001a40        0x4 /usr/lib/gcc/arm-none-eabi/10.3.1/thumb/v7e-m+dp/hard/crti.o
                0x0000000008001a40                _fini
 .fini          0x0000000008001a44        0x8 /usr/lib/gcc/arm-none-eabi/10.3.1/thumb/v7e-m+dp/hard/crtn.o
                0x0000000008001a4c                . = ALIGN (0x4)
                0x0000000008001a4c                _etext = .

.vfp11_veneer   0x0000000008001a4c        0x0
 .vfp11_veneer  0x0000000008001a4c        0x0 linker stubs

.v4_bx          0x0000000008001a4c        0x0
 .v4_bx         0x0000000008001a4c        0x0 linker stubs

.iplt           0x0000000008001a4c        0x0
 .iplt          0x0000000008001a4c        0x0 /usr/lib/gcc/arm-none-eabi/10.3.1/thumb/v7e-m+dp/hard/crtbegin.o

.rodata         0x0000000008001a4c        0x0
                0x0000000008001a4c                . = ALIGN (0x4)
 *(.rodata)
 *(.rodata*)
                0x0000000008001a4c                . = ALIGN (0x4)

.ARM.extab      0x0000000008001a4c        0x0
                0x0000000008001a4c                . = ALIGN (0x4)
 *(.ARM.extab* .gnu.linkonce.armextab.*)
                0x0000000008001a4c                . = ALIGN (0x4)

.ARM            0x0000000008001a4c        0x0
                0x0000000008001a4c                . = ALIGN (0x4)
                0x0000000008001a4c                __exidx_start = .
 *(.ARM.exidx*)
                0x0000000008001a4c                __exidx_end = .
                0x0000000008001a4c                . = ALIGN (0x4)

.preinit_array  0x0000000008001a4c        0x0
                0x0000000008001a4c                . = ALIGN (0x4)
                0x0000000008001a4c                PROVIDE (__preinit_array_start = .)
 *(.preinit_array*)
                0x0000000008001a4c                PROVIDE (__preinit_array_end = .)
                0x0000000008001a4c                . = ALIGN (0x4)

.init_array     0x0000000008001a4c        0x4
                0x0000000008001a4c                . = ALIGN (0x4)
                0x0000000008001a4c                PROVIDE (__init_array_start = .)
 *(SORT_BY_NAME(.init_array.*))
 *(.init_array*)
 .init_array    0x0000000008001a4c        0x4 /usr/lib/gcc/arm-none-eabi/10.3.1/thumb/v7e-m+dp/hard/crtbegin.o
                0x0000000008001a50                PROVIDE (__init_array_end = .)
                0x0000000008001a50                . = ALIGN (0x4)

.fini_array     0x0000000008001a50        0x4
                0x0000000008001a50                . = ALIGN (0x4)
                0x0000000008001a50                PROVIDE (__fini_array_start = .)
 *(SORT_BY_NAME(.fini_array.*))
 *(.fini_array*)
 .fini_array    0x0000000008001a50        0x4 /usr/lib/gcc/arm-none-eabi/10.3.1/thumb/v7e-m+dp/hard/crtbegin.o
                0x0000000008001a54                PROVIDE (__fini_array_end = .)
                0x0000000008001a54                . = ALIGN (0x4)
                0x0000000008001a54                _sidata = LOADADDR (.data)

.rel.dyn        0x0000000008001a54        0x0
 .rel.iplt      0x0000000008001a54        0x0 /usr/lib/gcc/arm-none-eabi/10.3.1/thumb/v7e-m+dp/hard/crtbegin.o

.data           0x0000000024000000        0xc load address 0x0000000008001a54
                0x0000000024000000                . = ALIGN (0x4)
                0x0000000024000000                _sdata = .
 *(.data)
 *(.data*)
 .data.SystemCoreClock
                0x0000000024000000        0x4 CMakeFiles/STM32_Drivers.dir/Core/Src/system_stm32h7rsxx.c.obj
                0x0000000024000000                SystemCoreClock
 .data.uwTickPrio
                0x0000000024000004        0x4 CMakeFiles/STM32_Drivers.dir/home/blake/NER/Cerberus-2.0/Drivers/STM32H7RSxx_HAL_Driver/Src/stm32h7rsxx_hal.c.obj
                0x0000000024000004                uwTickPrio
 .data.uwTickFreq
                0x0000000024000008        0x1 CMakeFiles/STM32_Drivers.dir/home/blake/NER/Cerberus-2.0/Drivers/STM32H7RSxx_HAL_Driver/Src/stm32h7rsxx_hal.c.obj
                0x0000000024000008                uwTickFreq
 *(.RamFunc)
 *(.RamFunc*)
                0x000000002400000c                . = ALIGN (0x4)
 *fill*         0x0000000024000009        0x3 
                0x000000002400000c                _edata = .

.tm_clone_table
                0x000000002400000c        0x0 load address 0x0000000008001a60
 .tm_clone_table
                0x000000002400000c        0x0 /usr/lib/gcc/arm-none-eabi/10.3.1/thumb/v7e-m+dp/hard/crtbegin.o
 .tm_clone_table
                0x000000002400000c        0x0 /usr/lib/gcc/arm-none-eabi/10.3.1/thumb/v7e-m+dp/hard/crtend.o

.igot.plt       0x000000002400000c        0x0 load address 0x0000000008001a60
 .igot.plt      0x000000002400000c        0x0 /usr/lib/gcc/arm-none-eabi/10.3.1/thumb/v7e-m+dp/hard/crtbegin.o
                0x000000002400000c                . = ALIGN (0x4)

.bss            0x000000002400000c       0x20 load address 0x0000000008001a60
                0x000000002400000c                _sbss = .
                0x000000002400000c                __bss_start__ = _sbss
 *(.bss)
 .bss           0x000000002400000c       0x1c /usr/lib/gcc/arm-none-eabi/10.3.1/thumb/v7e-m+dp/hard/crtbegin.o
 *(.bss*)
 .bss.uwTick    0x0000000024000028        0x4 CMakeFiles/STM32_Drivers.dir/home/blake/NER/Cerberus-2.0/Drivers/STM32H7RSxx_HAL_Driver/Src/stm32h7rsxx_hal.c.obj
                0x0000000024000028                uwTick
 *(COMMON)
                0x000000002400002c                . = ALIGN (0x4)
                0x000000002400002c                _ebss = .
                0x000000002400002c                __bss_end__ = _ebss

RW_NONCACHEABLE
                0x000000002404fc00        0x0
                0x000000002404fc00                __NONCACHEABLEBUFFER_BEGIN = .
 *(noncacheable_buffer)
                0x000000002404fc00                __NONCACHEABLEBUFFER_END = .

._user_heap_stack
                0x0000000020000000      0x600
                0x0000000020000000                . = ALIGN (0x8)
                [!provide]                        PROVIDE (end = .)
                0x0000000020000000                PROVIDE (_end = .)
                0x0000000020000200                . = (. + _Min_Heap_Size)
 *fill*         0x0000000020000000      0x200 
                0x0000000020000600                . = (. + _Min_Stack_Size)
 *fill*         0x0000000020000200      0x400 
                0x0000000020000600                . = ALIGN (0x8)

/DISCARD/
 libc.a(*)
 libm.a(*)
 libgcc.a(*)

.ARM.attributes
                0x0000000000000000       0x2e
 *(.ARM.attributes)
 .ARM.attributes
                0x0000000000000000       0x1e /usr/lib/gcc/arm-none-eabi/10.3.1/thumb/v7e-m+dp/hard/crti.o
 .ARM.attributes
                0x000000000000001e       0x32 /usr/lib/gcc/arm-none-eabi/10.3.1/thumb/v7e-m+dp/hard/crtbegin.o
 .ARM.attributes
                0x0000000000000050       0x32 /usr/lib/gcc/arm-none-eabi/10.3.1/../../../arm-none-eabi/lib/thumb/v7e-m+dp/hard/libc_nano.a(lib_a-init.o)
 .ARM.attributes
                0x0000000000000082       0x32 /usr/lib/gcc/arm-none-eabi/10.3.1/../../../arm-none-eabi/lib/thumb/v7e-m+dp/hard/libc_nano.a(lib_a-memset.o)
 .ARM.attributes
                0x00000000000000b4       0x32 CMakeFiles/Cerberus-2.0_Boot.dir/Core/Src/main.c.obj
 .ARM.attributes
                0x00000000000000e6       0x32 CMakeFiles/Cerberus-2.0_Boot.dir/Core/Src/stm32h7rsxx_it.c.obj
 .ARM.attributes
                0x0000000000000118       0x32 CMakeFiles/Cerberus-2.0_Boot.dir/Core/Src/stm32h7rsxx_hal_msp.c.obj
 .ARM.attributes
                0x000000000000014a       0x21 CMakeFiles/Cerberus-2.0_Boot.dir/Core/Startup/startup_stm32h7r7xx.s.obj
 .ARM.attributes
                0x000000000000016b       0x32 CMakeFiles/STM32_Drivers.dir/Core/Src/system_stm32h7rsxx.c.obj
 .ARM.attributes
                0x000000000000019d       0x32 CMakeFiles/STM32_Drivers.dir/home/blake/NER/Cerberus-2.0/Drivers/STM32H7RSxx_HAL_Driver/Src/stm32h7rsxx_hal_cortex.c.obj
 .ARM.attributes
                0x00000000000001cf       0x32 CMakeFiles/STM32_Drivers.dir/home/blake/NER/Cerberus-2.0/Drivers/STM32H7RSxx_HAL_Driver/Src/stm32h7rsxx_hal_pwr_ex.c.obj
 .ARM.attributes
                0x0000000000000201       0x32 CMakeFiles/STM32_Drivers.dir/home/blake/NER/Cerberus-2.0/Drivers/STM32H7RSxx_HAL_Driver/Src/stm32h7rsxx_hal_rcc.c.obj
 .ARM.attributes
                0x0000000000000233       0x32 CMakeFiles/STM32_Drivers.dir/home/blake/NER/Cerberus-2.0/Drivers/STM32H7RSxx_HAL_Driver/Src/stm32h7rsxx_hal.c.obj
 .ARM.attributes
                0x0000000000000265       0x30 /usr/lib/gcc/arm-none-eabi/10.3.1/thumb/v7e-m+dp/hard/crtend.o
 .ARM.attributes
                0x0000000000000295       0x1e /usr/lib/gcc/arm-none-eabi/10.3.1/thumb/v7e-m+dp/hard/crtn.o
OUTPUT(Cerberus-2.0_Boot.elf elf32-littlearm)
LOAD linker stubs
LOAD /usr/lib/gcc/arm-none-eabi/10.3.1/../../../arm-none-eabi/lib/thumb/v7e-m+dp/hard/libc.a
LOAD /usr/lib/gcc/arm-none-eabi/10.3.1/../../../arm-none-eabi/lib/thumb/v7e-m+dp/hard/libm.a
LOAD /usr/lib/gcc/arm-none-eabi/10.3.1/thumb/v7e-m+dp/hard/libgcc.a

.comment        0x0000000000000000       0x33
 .comment       0x0000000000000000       0x33 /usr/lib/gcc/arm-none-eabi/10.3.1/thumb/v7e-m+dp/hard/crtbegin.o
                                         0x34 (size before relaxing)
 .comment       0x0000000000000033       0x34 /usr/lib/gcc/arm-none-eabi/10.3.1/../../../arm-none-eabi/lib/thumb/v7e-m+dp/hard/libc_nano.a(lib_a-init.o)
 .comment       0x0000000000000033       0x34 /usr/lib/gcc/arm-none-eabi/10.3.1/../../../arm-none-eabi/lib/thumb/v7e-m+dp/hard/libc_nano.a(lib_a-memset.o)
 .comment       0x0000000000000033       0x34 CMakeFiles/Cerberus-2.0_Boot.dir/Core/Src/main.c.obj
 .comment       0x0000000000000033       0x34 CMakeFiles/Cerberus-2.0_Boot.dir/Core/Src/stm32h7rsxx_it.c.obj
 .comment       0x0000000000000033       0x34 CMakeFiles/Cerberus-2.0_Boot.dir/Core/Src/stm32h7rsxx_hal_msp.c.obj
 .comment       0x0000000000000033       0x34 CMakeFiles/STM32_Drivers.dir/Core/Src/system_stm32h7rsxx.c.obj
 .comment       0x0000000000000033       0x34 CMakeFiles/STM32_Drivers.dir/home/blake/NER/Cerberus-2.0/Drivers/STM32H7RSxx_HAL_Driver/Src/stm32h7rsxx_hal_cortex.c.obj
 .comment       0x0000000000000033       0x34 CMakeFiles/STM32_Drivers.dir/home/blake/NER/Cerberus-2.0/Drivers/STM32H7RSxx_HAL_Driver/Src/stm32h7rsxx_hal_pwr_ex.c.obj
 .comment       0x0000000000000033       0x34 CMakeFiles/STM32_Drivers.dir/home/blake/NER/Cerberus-2.0/Drivers/STM32H7RSxx_HAL_Driver/Src/stm32h7rsxx_hal_rcc.c.obj
 .comment       0x0000000000000033       0x34 CMakeFiles/STM32_Drivers.dir/home/blake/NER/Cerberus-2.0/Drivers/STM32H7RSxx_HAL_Driver/Src/stm32h7rsxx_hal.c.obj
 .comment       0x0000000000000033       0x34 /usr/lib/gcc/arm-none-eabi/10.3.1/thumb/v7e-m+dp/hard/crtend.o

.debug_info     0x0000000000000000     0x5f25
 .debug_info    0x0000000000000000      0x11a /usr/lib/gcc/arm-none-eabi/10.3.1/../../../arm-none-eabi/lib/thumb/v7e-m+dp/hard/libc_nano.a(lib_a-init.o)
 .debug_info    0x000000000000011a      0x137 /usr/lib/gcc/arm-none-eabi/10.3.1/../../../arm-none-eabi/lib/thumb/v7e-m+dp/hard/libc_nano.a(lib_a-memset.o)
 .debug_info    0x0000000000000251      0x3f3 CMakeFiles/Cerberus-2.0_Boot.dir/Core/Src/main.c.obj
 .debug_info    0x0000000000000644      0x12e CMakeFiles/Cerberus-2.0_Boot.dir/Core/Src/stm32h7rsxx_it.c.obj
 .debug_info    0x0000000000000772       0xc5 CMakeFiles/Cerberus-2.0_Boot.dir/Core/Src/stm32h7rsxx_hal_msp.c.obj
 .debug_info    0x0000000000000837       0x22 CMakeFiles/Cerberus-2.0_Boot.dir/Core/Startup/startup_stm32h7r7xx.s.obj
 .debug_info    0x0000000000000859      0x9b0 CMakeFiles/STM32_Drivers.dir/Core/Src/system_stm32h7rsxx.c.obj
 .debug_info    0x0000000000001209     0x11f4 CMakeFiles/STM32_Drivers.dir/home/blake/NER/Cerberus-2.0/Drivers/STM32H7RSxx_HAL_Driver/Src/stm32h7rsxx_hal_cortex.c.obj
 .debug_info    0x00000000000023fd      0xc38 CMakeFiles/STM32_Drivers.dir/home/blake/NER/Cerberus-2.0/Drivers/STM32H7RSxx_HAL_Driver/Src/stm32h7rsxx_hal_pwr_ex.c.obj
 .debug_info    0x0000000000003035     0x15c6 CMakeFiles/STM32_Drivers.dir/home/blake/NER/Cerberus-2.0/Drivers/STM32H7RSxx_HAL_Driver/Src/stm32h7rsxx_hal_rcc.c.obj
 .debug_info    0x00000000000045fb     0x192a CMakeFiles/STM32_Drivers.dir/home/blake/NER/Cerberus-2.0/Drivers/STM32H7RSxx_HAL_Driver/Src/stm32h7rsxx_hal.c.obj

.debug_abbrev   0x0000000000000000      0xf7c
 .debug_abbrev  0x0000000000000000       0xcc /usr/lib/gcc/arm-none-eabi/10.3.1/../../../arm-none-eabi/lib/thumb/v7e-m+dp/hard/libc_nano.a(lib_a-init.o)
 .debug_abbrev  0x00000000000000cc       0xb4 /usr/lib/gcc/arm-none-eabi/10.3.1/../../../arm-none-eabi/lib/thumb/v7e-m+dp/hard/libc_nano.a(lib_a-memset.o)
 .debug_abbrev  0x0000000000000180      0x133 CMakeFiles/Cerberus-2.0_Boot.dir/Core/Src/main.c.obj
 .debug_abbrev  0x00000000000002b3       0x61 CMakeFiles/Cerberus-2.0_Boot.dir/Core/Src/stm32h7rsxx_it.c.obj
 .debug_abbrev  0x0000000000000314       0x63 CMakeFiles/Cerberus-2.0_Boot.dir/Core/Src/stm32h7rsxx_hal_msp.c.obj
 .debug_abbrev  0x0000000000000377       0x12 CMakeFiles/Cerberus-2.0_Boot.dir/Core/Startup/startup_stm32h7r7xx.s.obj
 .debug_abbrev  0x0000000000000389      0x12e CMakeFiles/STM32_Drivers.dir/Core/Src/system_stm32h7rsxx.c.obj
 .debug_abbrev  0x00000000000004b7      0x30d CMakeFiles/STM32_Drivers.dir/home/blake/NER/Cerberus-2.0/Drivers/STM32H7RSxx_HAL_Driver/Src/stm32h7rsxx_hal_cortex.c.obj
 .debug_abbrev  0x00000000000007c4      0x227 CMakeFiles/STM32_Drivers.dir/home/blake/NER/Cerberus-2.0/Drivers/STM32H7RSxx_HAL_Driver/Src/stm32h7rsxx_hal_pwr_ex.c.obj
 .debug_abbrev  0x00000000000009eb      0x289 CMakeFiles/STM32_Drivers.dir/home/blake/NER/Cerberus-2.0/Drivers/STM32H7RSxx_HAL_Driver/Src/stm32h7rsxx_hal_rcc.c.obj
 .debug_abbrev  0x0000000000000c74      0x308 CMakeFiles/STM32_Drivers.dir/home/blake/NER/Cerberus-2.0/Drivers/STM32H7RSxx_HAL_Driver/Src/stm32h7rsxx_hal.c.obj

.debug_loc      0x0000000000000000      0x2e6
 .debug_loc     0x0000000000000000       0xba /usr/lib/gcc/arm-none-eabi/10.3.1/../../../arm-none-eabi/lib/thumb/v7e-m+dp/hard/libc_nano.a(lib_a-init.o)
 .debug_loc     0x00000000000000ba      0x22c /usr/lib/gcc/arm-none-eabi/10.3.1/../../../arm-none-eabi/lib/thumb/v7e-m+dp/hard/libc_nano.a(lib_a-memset.o)

.debug_aranges  0x0000000000000000      0x7b0
 .debug_aranges
                0x0000000000000000       0x20 /usr/lib/gcc/arm-none-eabi/10.3.1/../../../arm-none-eabi/lib/thumb/v7e-m+dp/hard/libc_nano.a(lib_a-init.o)
 .debug_aranges
                0x0000000000000020       0x20 /usr/lib/gcc/arm-none-eabi/10.3.1/../../../arm-none-eabi/lib/thumb/v7e-m+dp/hard/libc_nano.a(lib_a-memset.o)
 .debug_aranges
                0x0000000000000040       0x38 CMakeFiles/Cerberus-2.0_Boot.dir/Core/Src/main.c.obj
 .debug_aranges
                0x0000000000000078       0x60 CMakeFiles/Cerberus-2.0_Boot.dir/Core/Src/stm32h7rsxx_it.c.obj
 .debug_aranges
                0x00000000000000d8       0x20 CMakeFiles/Cerberus-2.0_Boot.dir/Core/Src/stm32h7rsxx_hal_msp.c.obj
 .debug_aranges
                0x00000000000000f8       0x28 CMakeFiles/Cerberus-2.0_Boot.dir/Core/Startup/startup_stm32h7r7xx.s.obj
 .debug_aranges
                0x0000000000000120       0x28 CMakeFiles/STM32_Drivers.dir/Core/Src/system_stm32h7rsxx.c.obj
 .debug_aranges
                0x0000000000000148      0x130 CMakeFiles/STM32_Drivers.dir/home/blake/NER/Cerberus-2.0/Drivers/STM32H7RSxx_HAL_Driver/Src/stm32h7rsxx_hal_cortex.c.obj
 .debug_aranges
                0x0000000000000278      0x1c8 CMakeFiles/STM32_Drivers.dir/home/blake/NER/Cerberus-2.0/Drivers/STM32H7RSxx_HAL_Driver/Src/stm32h7rsxx_hal_pwr_ex.c.obj
 .debug_aranges
                0x0000000000000440      0x130 CMakeFiles/STM32_Drivers.dir/home/blake/NER/Cerberus-2.0/Drivers/STM32H7RSxx_HAL_Driver/Src/stm32h7rsxx_hal_rcc.c.obj
 .debug_aranges
                0x0000000000000570      0x240 CMakeFiles/STM32_Drivers.dir/home/blake/NER/Cerberus-2.0/Drivers/STM32H7RSxx_HAL_Driver/Src/stm32h7rsxx_hal.c.obj

.debug_line     0x0000000000000000     0x5645
 .debug_line    0x0000000000000000      0x138 /usr/lib/gcc/arm-none-eabi/10.3.1/../../../arm-none-eabi/lib/thumb/v7e-m+dp/hard/libc_nano.a(lib_a-init.o)
 .debug_line    0x0000000000000138      0x1bf /usr/lib/gcc/arm-none-eabi/10.3.1/../../../arm-none-eabi/lib/thumb/v7e-m+dp/hard/libc_nano.a(lib_a-memset.o)
 .debug_line    0x00000000000002f7      0x62a CMakeFiles/Cerberus-2.0_Boot.dir/Core/Src/main.c.obj
 .debug_line    0x0000000000000921      0x623 CMakeFiles/Cerberus-2.0_Boot.dir/Core/Src/stm32h7rsxx_it.c.obj
 .debug_line    0x0000000000000f44      0x565 CMakeFiles/Cerberus-2.0_Boot.dir/Core/Src/stm32h7rsxx_hal_msp.c.obj
 .debug_line    0x00000000000014a9       0xa6 CMakeFiles/Cerberus-2.0_Boot.dir/Core/Startup/startup_stm32h7r7xx.s.obj
 .debug_line    0x000000000000154f      0x661 CMakeFiles/STM32_Drivers.dir/Core/Src/system_stm32h7rsxx.c.obj
 .debug_line    0x0000000000001bb0      0xb5c CMakeFiles/STM32_Drivers.dir/home/blake/NER/Cerberus-2.0/Drivers/STM32H7RSxx_HAL_Driver/Src/stm32h7rsxx_hal_cortex.c.obj
 .debug_line    0x000000000000270c      0xcfc CMakeFiles/STM32_Drivers.dir/home/blake/NER/Cerberus-2.0/Drivers/STM32H7RSxx_HAL_Driver/Src/stm32h7rsxx_hal_pwr_ex.c.obj
 .debug_line    0x0000000000003408     0x14a8 CMakeFiles/STM32_Drivers.dir/home/blake/NER/Cerberus-2.0/Drivers/STM32H7RSxx_HAL_Driver/Src/stm32h7rsxx_hal_rcc.c.obj
 .debug_line    0x00000000000048b0      0xd95 CMakeFiles/STM32_Drivers.dir/home/blake/NER/Cerberus-2.0/Drivers/STM32H7RSxx_HAL_Driver/Src/stm32h7rsxx_hal.c.obj

.debug_str      0x0000000000000000   0x12706d
 .debug_str     0x0000000000000000      0x172 /usr/lib/gcc/arm-none-eabi/10.3.1/../../../arm-none-eabi/lib/thumb/v7e-m+dp/hard/libc_nano.a(lib_a-init.o)
                                        0x20e (size before relaxing)
 .debug_str     0x0000000000000172       0xb1 /usr/lib/gcc/arm-none-eabi/10.3.1/../../../arm-none-eabi/lib/thumb/v7e-m+dp/hard/libc_nano.a(lib_a-memset.o)
                                        0x1c3 (size before relaxing)
 .debug_str     0x0000000000000223   0x123efd CMakeFiles/Cerberus-2.0_Boot.dir/Core/Src/main.c.obj
                                     0x1242e4 (size before relaxing)
 .debug_str     0x0000000000124120       0xe0 CMakeFiles/Cerberus-2.0_Boot.dir/Core/Src/stm32h7rsxx_it.c.obj
                                     0x1240f6 (size before relaxing)
 .debug_str     0x0000000000124200       0x4d CMakeFiles/Cerberus-2.0_Boot.dir/Core/Src/stm32h7rsxx_hal_msp.c.obj
                                     0x124089 (size before relaxing)
 .debug_str     0x000000000012424d       0x51 CMakeFiles/Cerberus-2.0_Boot.dir/Core/Startup/startup_stm32h7r7xx.s.obj
                                         0x79 (size before relaxing)
 .debug_str     0x000000000012429e      0x483 CMakeFiles/STM32_Drivers.dir/Core/Src/system_stm32h7rsxx.c.obj
                                     0x1244a5 (size before relaxing)
 .debug_str     0x0000000000124721      0xb9b CMakeFiles/STM32_Drivers.dir/home/blake/NER/Cerberus-2.0/Drivers/STM32H7RSxx_HAL_Driver/Src/stm32h7rsxx_hal_cortex.c.obj
                                     0x124f35 (size before relaxing)
 .debug_str     0x00000000001252bc      0x8ab CMakeFiles/STM32_Drivers.dir/home/blake/NER/Cerberus-2.0/Drivers/STM32H7RSxx_HAL_Driver/Src/stm32h7rsxx_hal_pwr_ex.c.obj
                                     0x124a06 (size before relaxing)
 .debug_str     0x0000000000125b67      0x8b8 CMakeFiles/STM32_Drivers.dir/home/blake/NER/Cerberus-2.0/Drivers/STM32H7RSxx_HAL_Driver/Src/stm32h7rsxx_hal_rcc.c.obj
                                     0x124de3 (size before relaxing)
 .debug_str     0x000000000012641f      0xc4e CMakeFiles/STM32_Drivers.dir/home/blake/NER/Cerberus-2.0/Drivers/STM32H7RSxx_HAL_Driver/Src/stm32h7rsxx_hal.c.obj
                                     0x1258ee (size before relaxing)

.debug_frame    0x0000000000000000     0x1d80
 .debug_frame   0x0000000000000000       0x2c /usr/lib/gcc/arm-none-eabi/10.3.1/../../../arm-none-eabi/lib/thumb/v7e-m+dp/hard/libc_nano.a(lib_a-init.o)
 .debug_frame   0x000000000000002c       0x2c /usr/lib/gcc/arm-none-eabi/10.3.1/../../../arm-none-eabi/lib/thumb/v7e-m+dp/hard/libc_nano.a(lib_a-memset.o)
 .debug_frame   0x0000000000000058       0x90 CMakeFiles/Cerberus-2.0_Boot.dir/Core/Src/main.c.obj
 .debug_frame   0x00000000000000e8      0x104 CMakeFiles/Cerberus-2.0_Boot.dir/Core/Src/stm32h7rsxx_it.c.obj
 .debug_frame   0x00000000000001ec       0x2c CMakeFiles/Cerberus-2.0_Boot.dir/Core/Src/stm32h7rsxx_hal_msp.c.obj
 .debug_frame   0x0000000000000218       0x58 CMakeFiles/STM32_Drivers.dir/Core/Src/system_stm32h7rsxx.c.obj
 .debug_frame   0x0000000000000270      0x508 CMakeFiles/STM32_Drivers.dir/home/blake/NER/Cerberus-2.0/Drivers/STM32H7RSxx_HAL_Driver/Src/stm32h7rsxx_hal_cortex.c.obj
 .debug_frame   0x0000000000000778      0x758 CMakeFiles/STM32_Drivers.dir/home/blake/NER/Cerberus-2.0/Drivers/STM32H7RSxx_HAL_Driver/Src/stm32h7rsxx_hal_pwr_ex.c.obj
 .debug_frame   0x0000000000000ed0      0x510 CMakeFiles/STM32_Drivers.dir/home/blake/NER/Cerberus-2.0/Drivers/STM32H7RSxx_HAL_Driver/Src/stm32h7rsxx_hal_rcc.c.obj
 .debug_frame   0x00000000000013e0      0x9a0 CMakeFiles/STM32_Drivers.dir/home/blake/NER/Cerberus-2.0/Drivers/STM32H7RSxx_HAL_Driver/Src/stm32h7rsxx_hal.c.obj

.debug_ranges   0x0000000000000000      0x6e8
 .debug_ranges  0x0000000000000000       0x28 CMakeFiles/Cerberus-2.0_Boot.dir/Core/Src/main.c.obj
 .debug_ranges  0x0000000000000028       0x50 CMakeFiles/Cerberus-2.0_Boot.dir/Core/Src/stm32h7rsxx_it.c.obj
 .debug_ranges  0x0000000000000078       0x10 CMakeFiles/Cerberus-2.0_Boot.dir/Core/Src/stm32h7rsxx_hal_msp.c.obj
 .debug_ranges  0x0000000000000088       0x20 CMakeFiles/Cerberus-2.0_Boot.dir/Core/Startup/startup_stm32h7r7xx.s.obj
 .debug_ranges  0x00000000000000a8       0x18 CMakeFiles/STM32_Drivers.dir/Core/Src/system_stm32h7rsxx.c.obj
 .debug_ranges  0x00000000000000c0      0x120 CMakeFiles/STM32_Drivers.dir/home/blake/NER/Cerberus-2.0/Drivers/STM32H7RSxx_HAL_Driver/Src/stm32h7rsxx_hal_cortex.c.obj
 .debug_ranges  0x00000000000001e0      0x1b8 CMakeFiles/STM32_Drivers.dir/home/blake/NER/Cerberus-2.0/Drivers/STM32H7RSxx_HAL_Driver/Src/stm32h7rsxx_hal_pwr_ex.c.obj
 .debug_ranges  0x0000000000000398      0x120 CMakeFiles/STM32_Drivers.dir/home/blake/NER/Cerberus-2.0/Drivers/STM32H7RSxx_HAL_Driver/Src/stm32h7rsxx_hal_rcc.c.obj
 .debug_ranges  0x00000000000004b8      0x230 CMakeFiles/STM32_Drivers.dir/home/blake/NER/Cerberus-2.0/Drivers/STM32H7RSxx_HAL_Driver/Src/stm32h7rsxx_hal.c.obj

.debug_macro    0x0000000000000000    0x2ddcd
 .debug_macro   0x0000000000000000      0x235 CMakeFiles/Cerberus-2.0_Boot.dir/Core/Src/main.c.obj
 .debug_macro   0x0000000000000235      0xa90 CMakeFiles/Cerberus-2.0_Boot.dir/Core/Src/main.c.obj
 .debug_macro   0x0000000000000cc5      0x1b0 CMakeFiles/Cerberus-2.0_Boot.dir/Core/Src/main.c.obj
 .debug_macro   0x0000000000000e75       0x2e CMakeFiles/Cerberus-2.0_Boot.dir/Core/Src/main.c.obj
 .debug_macro   0x0000000000000ea3       0x42 CMakeFiles/Cerberus-2.0_Boot.dir/Core/Src/main.c.obj
 .debug_macro   0x0000000000000ee5      0x34e CMakeFiles/Cerberus-2.0_Boot.dir/Core/Src/main.c.obj
 .debug_macro   0x0000000000001233       0x1c CMakeFiles/Cerberus-2.0_Boot.dir/Core/Src/main.c.obj
 .debug_macro   0x000000000000124f       0x22 CMakeFiles/Cerberus-2.0_Boot.dir/Core/Src/main.c.obj
 .debug_macro   0x0000000000001271       0xfb CMakeFiles/Cerberus-2.0_Boot.dir/Core/Src/main.c.obj
 .debug_macro   0x000000000000136c     0x1313 CMakeFiles/Cerberus-2.0_Boot.dir/Core/Src/main.c.obj
 .debug_macro   0x000000000000267f      0x11f CMakeFiles/Cerberus-2.0_Boot.dir/Core/Src/main.c.obj
 .debug_macro   0x000000000000279e       0x22 CMakeFiles/Cerberus-2.0_Boot.dir/Core/Src/main.c.obj
 .debug_macro   0x00000000000027c0    0x20bbf CMakeFiles/Cerberus-2.0_Boot.dir/Core/Src/main.c.obj
 .debug_macro   0x000000000002337f       0x6d CMakeFiles/Cerberus-2.0_Boot.dir/Core/Src/main.c.obj
 .debug_macro   0x00000000000233ec     0x3478 CMakeFiles/Cerberus-2.0_Boot.dir/Core/Src/main.c.obj
 .debug_macro   0x0000000000026864       0x22 CMakeFiles/Cerberus-2.0_Boot.dir/Core/Src/main.c.obj
 .debug_macro   0x0000000000026886       0x52 CMakeFiles/Cerberus-2.0_Boot.dir/Core/Src/main.c.obj
 .debug_macro   0x00000000000268d8       0x17 CMakeFiles/Cerberus-2.0_Boot.dir/Core/Src/main.c.obj
 .debug_macro   0x00000000000268ef       0x94 CMakeFiles/Cerberus-2.0_Boot.dir/Core/Src/main.c.obj
 .debug_macro   0x0000000000026983       0x35 CMakeFiles/Cerberus-2.0_Boot.dir/Core/Src/main.c.obj
 .debug_macro   0x00000000000269b8       0x34 CMakeFiles/Cerberus-2.0_Boot.dir/Core/Src/main.c.obj
 .debug_macro   0x00000000000269ec      0x174 CMakeFiles/Cerberus-2.0_Boot.dir/Core/Src/main.c.obj
 .debug_macro   0x0000000000026b60       0x16 CMakeFiles/Cerberus-2.0_Boot.dir/Core/Src/main.c.obj
 .debug_macro   0x0000000000026b76       0x43 CMakeFiles/Cerberus-2.0_Boot.dir/Core/Src/main.c.obj
 .debug_macro   0x0000000000026bb9       0x57 CMakeFiles/Cerberus-2.0_Boot.dir/Core/Src/main.c.obj
 .debug_macro   0x0000000000026c10       0x34 CMakeFiles/Cerberus-2.0_Boot.dir/Core/Src/main.c.obj
 .debug_macro   0x0000000000026c44       0x10 CMakeFiles/Cerberus-2.0_Boot.dir/Core/Src/main.c.obj
 .debug_macro   0x0000000000026c54       0x52 CMakeFiles/Cerberus-2.0_Boot.dir/Core/Src/main.c.obj
 .debug_macro   0x0000000000026ca6      0x182 CMakeFiles/Cerberus-2.0_Boot.dir/Core/Src/main.c.obj
 .debug_macro   0x0000000000026e28      0x333 CMakeFiles/Cerberus-2.0_Boot.dir/Core/Src/main.c.obj
 .debug_macro   0x000000000002715b      0x1a9 CMakeFiles/Cerberus-2.0_Boot.dir/Core/Src/main.c.obj
 .debug_macro   0x0000000000027304       0x64 CMakeFiles/Cerberus-2.0_Boot.dir/Core/Src/main.c.obj
 .debug_macro   0x0000000000027368      0xac3 CMakeFiles/Cerberus-2.0_Boot.dir/Core/Src/main.c.obj
 .debug_macro   0x0000000000027e2b     0x1f30 CMakeFiles/Cerberus-2.0_Boot.dir/Core/Src/main.c.obj
 .debug_macro   0x0000000000029d5b      0x93a CMakeFiles/Cerberus-2.0_Boot.dir/Core/Src/main.c.obj
 .debug_macro   0x000000000002a695      0x170 CMakeFiles/Cerberus-2.0_Boot.dir/Core/Src/main.c.obj
 .debug_macro   0x000000000002a805      0x1ba CMakeFiles/Cerberus-2.0_Boot.dir/Core/Src/main.c.obj
 .debug_macro   0x000000000002a9bf      0x2e8 CMakeFiles/Cerberus-2.0_Boot.dir/Core/Src/main.c.obj
 .debug_macro   0x000000000002aca7      0x590 CMakeFiles/Cerberus-2.0_Boot.dir/Core/Src/main.c.obj
 .debug_macro   0x000000000002b237      0x52e CMakeFiles/Cerberus-2.0_Boot.dir/Core/Src/main.c.obj
 .debug_macro   0x000000000002b765       0xba CMakeFiles/Cerberus-2.0_Boot.dir/Core/Src/main.c.obj
 .debug_macro   0x000000000002b81f      0x27c CMakeFiles/Cerberus-2.0_Boot.dir/Core/Src/main.c.obj
 .debug_macro   0x000000000002ba9b      0x2c0 CMakeFiles/Cerberus-2.0_Boot.dir/Core/Src/main.c.obj
 .debug_macro   0x000000000002bd5b      0x3fb CMakeFiles/Cerberus-2.0_Boot.dir/Core/Src/main.c.obj
 .debug_macro   0x000000000002c156       0xb0 CMakeFiles/Cerberus-2.0_Boot.dir/Core/Src/main.c.obj
 .debug_macro   0x000000000002c206      0x11c CMakeFiles/Cerberus-2.0_Boot.dir/Core/Src/main.c.obj
 .debug_macro   0x000000000002c322      0x210 CMakeFiles/Cerberus-2.0_Boot.dir/Core/Src/main.c.obj
 .debug_macro   0x000000000002c532      0x2a0 CMakeFiles/Cerberus-2.0_Boot.dir/Core/Src/main.c.obj
 .debug_macro   0x000000000002c7d2       0x3c CMakeFiles/Cerberus-2.0_Boot.dir/Core/Src/main.c.obj
 .debug_macro   0x000000000002c80e      0x58d CMakeFiles/Cerberus-2.0_Boot.dir/Core/Src/main.c.obj
 .debug_macro   0x000000000002cd9b      0x23f CMakeFiles/Cerberus-2.0_Boot.dir/Core/Src/stm32h7rsxx_it.c.obj
 .debug_macro   0x000000000002cfda      0x235 CMakeFiles/Cerberus-2.0_Boot.dir/Core/Src/stm32h7rsxx_hal_msp.c.obj
 .debug_macro   0x000000000002d20f      0x231 CMakeFiles/STM32_Drivers.dir/Core/Src/system_stm32h7rsxx.c.obj
 .debug_macro   0x000000000002d440      0x22b CMakeFiles/STM32_Drivers.dir/home/blake/NER/Cerberus-2.0/Drivers/STM32H7RSxx_HAL_Driver/Src/stm32h7rsxx_hal_cortex.c.obj
 .debug_macro   0x000000000002d66b      0x264 CMakeFiles/STM32_Drivers.dir/home/blake/NER/Cerberus-2.0/Drivers/STM32H7RSxx_HAL_Driver/Src/stm32h7rsxx_hal_pwr_ex.c.obj
 .debug_macro   0x000000000002d8cf      0x291 CMakeFiles/STM32_Drivers.dir/home/blake/NER/Cerberus-2.0/Drivers/STM32H7RSxx_HAL_Driver/Src/stm32h7rsxx_hal_rcc.c.obj
 .debug_macro   0x000000000002db60      0x26d CMakeFiles/STM32_Drivers.dir/home/blake/NER/Cerberus-2.0/Drivers/STM32H7RSxx_HAL_Driver/Src/stm32h7rsxx_hal.c.obj
